Loading weights:   0%|          | 0/199 [00:00<?, ?it/s]Loading weights: 100%|██████████| 199/199 [00:00<00:00, 5540.95it/s]
Warning: You are sending unauthenticated requests to the HF Hub. Please set a HF_TOKEN to enable higher rate limits and faster downloads.
/home/ubuntu/projects/retail-intelligence-ai/src/retrieval_embedding_benchmark.py:104: FutureWarning: The `get_sentence_embedding_dimension` method has been renamed to `get_embedding_dimension`.
  dimension = loaded.get_sentence_embedding_dimension()
Loading weights:   0%|          | 0/105 [00:00<?, ?it/s]Loading weights: 100%|██████████| 105/105 [00:00<00:00, 6025.39it/s]
{
  "cross_encoder_only_full": {
    "by_group": {
      "Item_1": {
        "hit_rate_at_5": 1.0,
        "mrr": 0.6875,
        "ndcg_at_5": 0.7654015779112127,
        "recall_at_5": 1.0
      },
      "Item_1A": {
        "hit_rate_at_5": 1.0,
        "mrr": 0.875,
        "ndcg_at_5": 0.9077324383928644,
        "recall_at_5": 1.0
      },
      "Item_7": {
        "hit_rate_at_5": 0.5,
        "mrr": 0.3333333333333333,
        "ndcg_at_5": 0.375,
        "recall_at_5": 0.5
      },
      "Item_8": {
        "hit_rate_at_5": 0.5,
        "mrr": 0.3333333333333333,
        "ndcg_at_5": 0.375,
        "recall_at_5": 0.5
      },
      "cross_company": {
        "hit_rate_at_5": 0.75,
        "mrr": 0.75,
        "ndcg_at_5": 0.5258774252172416,
        "recall_at_5": 0.5
      },
      "time_change": {
        "hit_rate_at_5": 0.5,
        "mrr": 0.14583333333333331,
        "ndcg_at_5": 0.23266913951834828,
        "recall_at_5": 0.5
      }
    },
    "misses": [
      "10K-V2-I7-002",
      "10K-V2-I7-004",
      "10K-V2-I8-002",
      "10K-V2-I8-003",
      "10K-V2-XC-002",
      "10K-V2-TC-003",
      "10K-V2-TC-004"
    ],
    "overall": {
      "hit_rate_at_5": 0.7083333333333334,
      "mrr": 0.5208333333333334,
      "ndcg_at_5": 0.5302800968399445,
      "recall_at_5": 0.6666666666666666
    }
  },
  "cross_encoder_semantic_lexical_union_10": {
    "by_group": {
      "Item_1": {
        "hit_rate_at_5": 1.0,
        "mrr": 0.6875,
        "ndcg_at_5": 0.7654015779112127,
        "recall_at_5": 1.0
      },
      "Item_1A": {
        "hit_rate_at_5": 1.0,
        "mrr": 0.875,
        "ndcg_at_5": 0.9077324383928644,
        "recall_at_5": 1.0
      },
      "Item_7": {
        "hit_rate_at_5": 0.5,
        "mrr": 0.375,
        "ndcg_at_5": 0.4077324383928644,
        "recall_at_5": 0.5
      },
      "Item_8": {
        "hit_rate_at_5": 0.5,
        "mrr": 0.3333333333333333,
        "ndcg_at_5": 0.375,
        "recall_at_5": 0.5
      },
      "cross_company": {
        "hit_rate_at_5": 0.75,
        "mrr": 0.75,
        "ndcg_at_5": 0.5258774252172416,
        "recall_at_5": 0.5
      },
      "time_change": {
        "hit_rate_at_5": 0.25,
        "mrr": 0.08333333333333333,
        "ndcg_at_5": 0.125,
        "recall_at_5": 0.25
      }
    },
    "misses": [
      "10K-V2-I7-002",
      "10K-V2-I7-004",
      "10K-V2-I8-002",
      "10K-V2-I8-003",
      "10K-V2-XC-002",
      "10K-V2-TC-001",
      "10K-V2-TC-003",
      "10K-V2-TC-004"
    ],
    "overall": {
      "hit_rate_at_5": 0.6666666666666666,
      "mrr": 0.517361111111111,
      "ndcg_at_5": 0.5177906466523639,
      "recall_at_5": 0.625
    }
  },
  "cross_encoder_semantic_lexical_union_20": {
    "by_group": {
      "Item_1": {
        "hit_rate_at_5": 1.0,
        "mrr": 0.6875,
        "ndcg_at_5": 0.7654015779112127,
        "recall_at_5": 1.0
      },
      "Item_1A": {
        "hit_rate_at_5": 1.0,
        "mrr": 0.875,
        "ndcg_at_5": 0.9077324383928644,
        "recall_at_5": 1.0
      },
      "Item_7": {
        "hit_rate_at_5": 0.5,
        "mrr": 0.3333333333333333,
        "ndcg_at_5": 0.375,
        "recall_at_5": 0.5
      },
      "Item_8": {
        "hit_rate_at_5": 0.5,
        "mrr": 0.3333333333333333,
        "ndcg_at_5": 0.375,
        "recall_at_5": 0.5
      },
      "cross_company": {
        "hit_rate_at_5": 0.75,
        "mrr": 0.75,
        "ndcg_at_5": 0.5258774252172416,
        "recall_at_5": 0.5
      },
      "time_change": {
        "hit_rate_at_5": 0.5,
        "mrr": 0.14583333333333331,
        "ndcg_at_5": 0.23266913951834828,
        "recall_at_5": 0.5
      }
    },
    "misses": [
      "10K-V2-I7-002",
      "10K-V2-I7-004",
      "10K-V2-I8-002",
      "10K-V2-I8-003",
      "10K-V2-XC-002",
      "10K-V2-TC-003",
      "10K-V2-TC-004"
    ],
    "overall": {
      "hit_rate_at_5": 0.7083333333333334,
      "mrr": 0.5208333333333334,
      "ndcg_at_5": 0.5302800968399445,
      "recall_at_5": 0.6666666666666666
    }
  },
  "cross_encoder_semantic_lexical_union_5": {
    "by_group": {
      "Item_1": {
        "hit_rate_at_5": 1.0,
        "mrr": 0.7083333333333334,
        "ndcg_at_5": 0.7827324383928644,
        "recall_at_5": 1.0
      },
      "Item_1A": {
        "hit_rate_at_5": 1.0,
        "mrr": 0.875,
        "ndcg_at_5": 0.9077324383928644,
        "recall_at_5": 1.0
      },
      "Item_7": {
        "hit_rate_at_5": 0.75,
        "mrr": 0.35,
        "ndcg_at_5": 0.4434264036172708,
        "recall_at_5": 0.75
      },
      "Item_8": {
        "hit_rate_at_5": 0.25,
        "mrr": 0.25,
        "ndcg_at_5": 0.25,
        "recall_at_5": 0.25
      },
      "cross_company": {
        "hit_rate_at_5": 0.75,
        "mrr": 0.75,
        "ndcg_at_5": 0.5258774252172416,
        "recall_at_5": 0.5
      },
      "time_change": {
        "hit_rate_at_5": 0.25,
        "mrr": 0.08333333333333333,
        "ndcg_at_5": 0.125,
        "recall_at_5": 0.25
      }
    },
    "misses": [
      "10K-V2-I7-003",
      "10K-V2-I8-001",
      "10K-V2-I8-002",
      "10K-V2-I8-003",
      "10K-V2-XC-002",
      "10K-V2-TC-001",
      "10K-V2-TC-003",
      "10K-V2-TC-004"
    ],
    "overall": {
      "hit_rate_at_5": 0.6666666666666666,
      "mrr": 0.5027777777777778,
      "ndcg_at_5": 0.5057947842700402,
      "recall_at_5": 0.625
    }
  },
  "equal_three_way_rrf_full": {
    "by_group": {
      "Item_1": {
        "hit_rate_at_5": 1.0,
        "mrr": 0.6875,
        "ndcg_at_5": 0.7654015779112127,
        "recall_at_5": 1.0
      },
      "Item_1A": {
        "hit_rate_at_5": 1.0,
        "mrr": 0.875,
        "ndcg_at_5": 0.9077324383928644,
        "recall_at_5": 1.0
      },
      "Item_7": {
        "hit_rate_at_5": 0.5,
        "mrr": 0.1875,
        "ndcg_at_5": 0.26540157791121266,
        "recall_at_5": 0.5
      },
      "Item_8": {
        "hit_rate_at_5": 0.5,
        "mrr": 0.1875,
        "ndcg_at_5": 0.26540157791121266,
        "recall_at_5": 0.5
      },
      "cross_company": {
        "hit_rate_at_5": 1.0,
        "mrr": 0.8333333333333334,
        "ndcg_at_5": 0.7299301972870469,
        "recall_at_5": 0.75
      },
      "time_change": {
        "hit_rate_at_5": 0.25,
        "mrr": 0.125,
        "ndcg_at_5": 0.15773243839286438,
        "recall_at_5": 0.25
      }
    },
    "misses": [
      "10K-V2-I7-002",
      "10K-V2-I7-004",
      "10K-V2-I8-002",
      "10K-V2-I8-003",
      "10K-V2-TC-001",
      "10K-V2-TC-003",
      "10K-V2-TC-004"
    ],
    "overall": {
      "hit_rate_at_5": 0.7083333333333334,
      "mrr": 0.4826388888888889,
      "ndcg_at_5": 0.5152666346344023,
      "recall_at_5": 0.6666666666666666
    }
  },
  "hybrid_rank_plus_cross_encoder_rrf_full": {
    "by_group": {
      "Item_1": {
        "hit_rate_at_5": 1.0,
        "mrr": 0.6875,
        "ndcg_at_5": 0.7654015779112127,
        "recall_at_5": 1.0
      },
      "Item_1A": {
        "hit_rate_at_5": 1.0,
        "mrr": 0.875,
        "ndcg_at_5": 0.9077324383928644,
        "recall_at_5": 1.0
      },
      "Item_7": {
        "hit_rate_at_5": 0.5,
        "mrr": 0.1875,
        "ndcg_at_5": 0.26540157791121266,
        "recall_at_5": 0.5
      },
      "Item_8": {
        "hit_rate_at_5": 0.5,
        "mrr": 0.1875,
        "ndcg_at_5": 0.26540157791121266,
        "recall_at_5": 0.5
      },
      "cross_company": {
        "hit_rate_at_5": 1.0,
        "mrr": 0.6458333333333334,
        "ndcg_at_5": 0.6052466561225187,
        "recall_at_5": 0.75
      },
      "time_change": {
        "hit_rate_at_5": 0.25,
        "mrr": 0.125,
        "ndcg_at_5": 0.15773243839286438,
        "recall_at_5": 0.25
      }
    },
    "misses": [
      "10K-V2-I7-002",
      "10K-V2-I7-004",
      "10K-V2-I8-002",
      "10K-V2-I8-003",
      "10K-V2-TC-001",
      "10K-V2-TC-003",
      "10K-V2-TC-004"
    ],
    "overall": {
      "hit_rate_at_5": 0.7083333333333334,
      "mrr": 0.4513888888888889,
      "ndcg_at_5": 0.49448604444031424,
      "recall_at_5": 0.6666666666666666
    }
  },
  "lexical_only_full": {
    "by_group": {
      "Item_1": {
        "hit_rate_at_5": 0.75,
        "mrr": 0.3625,
        "ndcg_at_5": 0.4543823413269837,
        "recall_at_5": 0.75
      },
      "Item_1A": {
        "hit_rate_at_5": 0.5,
        "mrr": 0.16666666666666666,
        "ndcg_at_5": 0.25,
        "recall_at_5": 0.5
      },
      "Item_7": {
        "hit_rate_at_5": 0.0,
        "mrr": 0.0,
        "ndcg_at_5": 0.0,
        "recall_at_5": 0.0
      },
      "Item_8": {
        "hit_rate_at_5": 0.0,
        "mrr": 0.0,
        "ndcg_at_5": 0.0,
        "recall_at_5": 0.0
      },
      "cross_company": {
        "hit_rate_at_5": 0.25,
        "mrr": 0.25,
        "ndcg_at_5": 0.25,
        "recall_at_5": 0.25
      },
      "time_change": {
        "hit_rate_at_5": 0.0,
        "mrr": 0.0,
        "ndcg_at_5": 0.0,
        "recall_at_5": 0.0
      }
    },
    "misses": [
      "10K-V2-I1-001",
      "10K-V2-I1A-003",
      "10K-V2-I1A-004",
      "10K-V2-I7-001",
      "10K-V2-I7-002",
      "10K-V2-I7-003",
      "10K-V2-I7-004",
      "10K-V2-I8-001",
      "10K-V2-I8-002",
      "10K-V2-I8-003",
      "10K-V2-I8-004",
      "10K-V2-XC-001",
      "10K-V2-XC-003",
      "10K-V2-XC-004",
      "10K-V2-TC-001",
      "10K-V2-TC-002",
      "10K-V2-TC-003",
      "10K-V2-TC-004"
    ],
    "overall": {
      "hit_rate_at_5": 0.25,
      "mrr": 0.12986111111111112,
      "ndcg_at_5": 0.15906372355449727,
      "recall_at_5": 0.25
    }
  },
  "semantic_2x_lexical_1x_cross_encoder_1x_rrf_full": {
    "by_group": {
      "Item_1": {
        "hit_rate_at_5": 1.0,
        "mrr": 0.55,
        "ndcg_at_5": 0.6621780785943642,
        "recall_at_5": 1.0
      },
      "Item_1A": {
        "hit_rate_at_5": 1.0,
        "mrr": 0.8333333333333334,
        "ndcg_at_5": 0.875,
        "recall_at_5": 1.0
      },
      "Item_7": {
        "hit_rate_at_5": 0.75,
        "mrr": 0.18333333333333335,
        "ndcg_at_5": 0.3184264036172708,
        "recall_at_5": 0.75
      },
      "Item_8": {
        "hit_rate_at_5": 0.25,
        "mrr": 0.125,
        "ndcg_at_5": 0.15773243839286438,
        "recall_at_5": 0.25
      },
      "cross_company": {
        "hit_rate_at_5": 1.0,
        "mrr": 0.8333333333333334,
        "ndcg_at_5": 0.7299301972870469,
        "recall_at_5": 0.75
      },
      "time_change": {
        "hit_rate_at_5": 0.25,
        "mrr": 0.125,
        "ndcg_at_5": 0.15773243839286438,
        "recall_at_5": 0.25
      }
    },
    "misses": [
      "10K-V2-I7-002",
      "10K-V2-I8-001",
      "10K-V2-I8-002",
      "10K-V2-I8-003",
      "10K-V2-TC-001",
      "10K-V2-TC-003",
      "10K-V2-TC-004"
    ],
    "overall": {
      "hit_rate_at_5": 0.7083333333333334,
      "mrr": 0.44166666666666665,
      "ndcg_at_5": 0.4834999260474018,
      "recall_at_5": 0.6666666666666666
    }
  },
  "semantic_2x_lexical_1x_cross_encoder_1x_rrf_union_10": {
    "by_group": {
      "Item_1": {
        "hit_rate_at_5": 1.0,
        "mrr": 0.55,
        "ndcg_at_5": 0.6621780785943642,
        "recall_at_5": 1.0
      },
      "Item_1A": {
        "hit_rate_at_5": 1.0,
        "mrr": 0.6875,
        "ndcg_at_5": 0.7654015779112127,
        "recall_at_5": 1.0
      },
      "Item_7": {
        "hit_rate_at_5": 0.75,
        "mrr": 0.18333333333333335,
        "ndcg_at_5": 0.3184264036172708,
        "recall_at_5": 0.75
      },
      "Item_8": {
        "hit_rate_at_5": 0.25,
        "mrr": 0.125,
        "ndcg_at_5": 0.15773243839286438,
        "recall_at_5": 0.25
      },
      "cross_company": {
        "hit_rate_at_5": 1.0,
        "mrr": 0.8333333333333334,
        "ndcg_at_5": 0.7299301972870469,
        "recall_at_5": 0.75
      },
      "time_change": {
        "hit_rate_at_5": 0.25,
        "mrr": 0.125,
        "ndcg_at_5": 0.15773243839286438,
        "recall_at_5": 0.25
      }
    },
    "misses": [
      "10K-V2-I7-002",
      "10K-V2-I8-001",
      "10K-V2-I8-002",
      "10K-V2-I8-003",
      "10K-V2-TC-001",
      "10K-V2-TC-003",
      "10K-V2-TC-004"
    ],
    "overall": {
      "hit_rate_at_5": 0.7083333333333334,
      "mrr": 0.4173611111111111,
      "ndcg_at_5": 0.4652335223659372,
      "recall_at_5": 0.6666666666666666
    }
  },
  "semantic_2x_lexical_1x_cross_encoder_1x_rrf_union_20": {
    "by_group": {
      "Item_1": {
        "hit_rate_at_5": 1.0,
        "mrr": 0.55,
        "ndcg_at_5": 0.6621780785943642,
        "recall_at_5": 1.0
      },
      "Item_1A": {
        "hit_rate_at_5": 1.0,
        "mrr": 0.7083333333333334,
        "ndcg_at_5": 0.7827324383928644,
        "recall_at_5": 1.0
      },
      "Item_7": {
        "hit_rate_at_5": 0.75,
        "mrr": 0.18333333333333335,
        "ndcg_at_5": 0.3184264036172708,
        "recall_at_5": 0.75
      },
      "Item_8": {
        "hit_rate_at_5": 0.25,
        "mrr": 0.125,
        "ndcg_at_5": 0.15773243839286438,
        "recall_at_5": 0.25
      },
      "cross_company": {
        "hit_rate_at_5": 1.0,
        "mrr": 0.8333333333333334,
        "ndcg_at_5": 0.7299301972870469,
        "recall_at_5": 0.75
      },
      "time_change": {
        "hit_rate_at_5": 0.25,
        "mrr": 0.125,
        "ndcg_at_5": 0.15773243839286438,
        "recall_at_5": 0.25
      }
    },
    "misses": [
      "10K-V2-I7-002",
      "10K-V2-I8-001",
      "10K-V2-I8-002",
      "10K-V2-I8-003",
      "10K-V2-TC-001",
      "10K-V2-TC-003",
      "10K-V2-TC-004"
    ],
    "overall": {
      "hit_rate_at_5": 0.7083333333333334,
      "mrr": 0.42083333333333334,
      "ndcg_at_5": 0.46812199911287916,
      "recall_at_5": 0.6666666666666666
    }
  },
  "semantic_3x_cross_encoder_1x_rrf_full": {
    "by_group": {
      "Item_1": {
        "hit_rate_at_5": 1.0,
        "mrr": 0.55,
        "ndcg_at_5": 0.6621780785943642,
        "recall_at_5": 1.0
      },
      "Item_1A": {
        "hit_rate_at_5": 1.0,
        "mrr": 0.5208333333333334,
        "ndcg_at_5": 0.6404015779112127,
        "recall_at_5": 1.0
      },
      "Item_7": {
        "hit_rate_at_5": 0.75,
        "mrr": 0.18333333333333335,
        "ndcg_at_5": 0.3184264036172708,
        "recall_at_5": 0.75
      },
      "Item_8": {
        "hit_rate_at_5": 0.25,
        "mrr": 0.0625,
        "ndcg_at_5": 0.10766913951834826,
        "recall_at_5": 0.25
      },
      "cross_company": {
        "hit_rate_at_5": 1.0,
        "mrr": 0.6458333333333334,
        "ndcg_at_5": 0.5459472279301946,
        "recall_at_5": 0.625
      },
      "time_change": {
        "hit_rate_at_5": 0.25,
        "mrr": 0.125,
        "ndcg_at_5": 0.15773243839286438,
        "recall_at_5": 0.25
      }
    },
    "misses": [
      "10K-V2-I7-002",
      "10K-V2-I8-001",
      "10K-V2-I8-002",
      "10K-V2-I8-003",
      "10K-V2-TC-001",
      "10K-V2-TC-003",
      "10K-V2-TC-004"
    ],
    "overall": {
      "hit_rate_at_5": 0.7083333333333334,
      "mrr": 0.34791666666666665,
      "ndcg_at_5": 0.4053924776607092,
      "recall_at_5": 0.6458333333333334
    }
  },
  "semantic_lexical_rrf_full": {
    "by_group": {
      "Item_1": {
        "hit_rate_at_5": 1.0,
        "mrr": 0.55,
        "ndcg_at_5": 0.6621780785943642,
        "recall_at_5": 1.0
      },
      "Item_1A": {
        "hit_rate_at_5": 1.0,
        "mrr": 0.675,
        "ndcg_at_5": 0.7544456402014998,
        "recall_at_5": 1.0
      },
      "Item_7": {
        "hit_rate_at_5": 0.75,
        "mrr": 0.1625,
        "ndcg_at_5": 0.3010955431356191,
        "recall_at_5": 0.75
      },
      "Item_8": {
        "hit_rate_at_5": 0.25,
        "mrr": 0.0625,
        "ndcg_at_5": 0.10766913951834826,
        "recall_at_5": 0.25
      },
      "cross_company": {
        "hit_rate_at_5": 1.0,
        "mrr": 0.8,
        "ndcg_at_5": 0.7125862263836886,
        "recall_at_5": 0.75
      },
      "time_change": {
        "hit_rate_at_5": 0.25,
        "mrr": 0.125,
        "ndcg_at_5": 0.15773243839286438,
        "recall_at_5": 0.25
      }
    },
    "misses": [
      "10K-V2-I7-003",
      "10K-V2-I8-001",
      "10K-V2-I8-002",
      "10K-V2-I8-003",
      "10K-V2-TC-001",
      "10K-V2-TC-003",
      "10K-V2-TC-004"
    ],
    "overall": {
      "hit_rate_at_5": 0.7083333333333334,
      "mrr": 0.3958333333333333,
      "ndcg_at_5": 0.44928451103773076,
      "recall_at_5": 0.6666666666666666
    }
  },
  "semantic_only_full": {
    "by_group": {
      "Item_1": {
        "hit_rate_at_5": 1.0,
        "mrr": 0.55,
        "ndcg_at_5": 0.6621780785943642,
        "recall_at_5": 1.0
      },
      "Item_1A": {
        "hit_rate_at_5": 1.0,
        "mrr": 0.5083333333333333,
        "ndcg_at_5": 0.6294456402014998,
        "recall_at_5": 1.0
      },
      "Item_7": {
        "hit_rate_at_5": 0.75,
        "mrr": 0.1625,
        "ndcg_at_5": 0.3010955431356191,
        "recall_at_5": 0.75
      },
      "Item_8": {
        "hit_rate_at_5": 0.25,
        "mrr": 0.0625,
        "ndcg_at_5": 0.10766913951834826,
        "recall_at_5": 0.25
      },
      "cross_company": {
        "hit_rate_at_5": 1.0,
        "mrr": 0.6,
        "ndcg_at_5": 0.5218856545760127,
        "recall_at_5": 0.625
      },
      "time_change": {
        "hit_rate_at_5": 0.25,
        "mrr": 0.125,
        "ndcg_at_5": 0.15773243839286438,
        "recall_at_5": 0.25
      }
    },
    "misses": [
      "10K-V2-I7-003",
      "10K-V2-I8-001",
      "10K-V2-I8-002",
      "10K-V2-I8-003",
      "10K-V2-TC-001",
      "10K-V2-TC-003",
      "10K-V2-TC-004"
    ],
    "overall": {
      "hit_rate_at_5": 0.7083333333333334,
      "mrr": 0.3347222222222222,
      "ndcg_at_5": 0.39666774906978475,
      "recall_at_5": 0.6458333333333334
    }
  }
}
elapsed_seconds=174.366894
total_candidate_pairs_scored=1100
PASS: wrote immutable fusion result: reports/week3_retrieval/retrieval_benchmark_20260716T164940Z/bge_large_candidate_pilot_20260718/bge_base_control_pass2.json
BASE_PASS2_EXIT_CODE=0
Sat Jul 18 16:04:27 UTC 2026
