2026-07-06 18:27:39,598 - WARNING - File AMZN__10-K__0001018724-24-000008.txt failed systematic parsing extraction. Invoking full-text fallback mechanism.
2026-07-06 18:27:39,602 - WARNING - File AMZN__10-K__0001018724-25-000004.txt failed systematic parsing extraction. Invoking full-text fallback mechanism.
2026-07-06 18:27:39,607 - WARNING - Company AEO (AEO__10-K__0000950170-24-032294.txt) missing sections: ['Item_1', 'Item_1A', 'Item_2', 'Item_6']
2026-07-06 18:27:39,613 - WARNING - Company AEO (AEO__10-K__0000950170-25-042746.txt) missing sections: ['Item_6']
2026-07-06 18:27:39,618 - WARNING - Company AEO (AEO__10-K__0001193125-26-132097.txt) missing sections: ['Item_6']
2026-07-06 18:27:39,629 - WARNING - File AMZN__10-K__0001018724-26-000004.txt failed systematic parsing extraction. Invoking full-text fallback mechanism.
2026-07-06 18:47:05,551 - WARNING - File AMZN__10-K__0001018724-24-000008.txt failed systematic parsing extraction. Invoking full-text fallback mechanism.
2026-07-06 18:47:05,556 - WARNING - File AMZN__10-K__0001018724-25-000004.txt failed systematic parsing extraction. Invoking full-text fallback mechanism.
2026-07-06 18:47:05,561 - WARNING - Company AEO (AEO__10-K__0000950170-24-032294.txt) missing sections: ['Item_1', 'Item_1A', 'Item_2', 'Item_6']
2026-07-06 18:47:05,569 - WARNING - Company AEO (AEO__10-K__0000950170-25-042746.txt) missing sections: ['Item_6']
2026-07-06 18:47:05,576 - WARNING - Company AEO (AEO__10-K__0001193125-26-132097.txt) missing sections: ['Item_6']
2026-07-06 18:47:05,591 - WARNING - File AMZN__10-K__0001018724-26-000004.txt failed systematic parsing extraction. Invoking full-text fallback mechanism.
2026-07-06 18:47:05,592 - WARNING - File extra_10k_folders.txt failed systematic parsing extraction. Invoking full-text fallback mechanism.
2026-07-06 18:47:05,592 - WARNING - File current_10k_folders.txt failed systematic parsing extraction. Invoking full-text fallback mechanism.
2026-07-06 18:47:05,593 - WARNING - File downloaded_10k_folders.txt failed systematic parsing extraction. Invoking full-text fallback mechanism.
2026-07-06 18:47:05,593 - WARNING - File missing_10k_folders.txt failed systematic parsing extraction. Invoking full-text fallback mechanism.
2026-07-06 19:20:31,006 - WARNING - Company PRTS (PRTS__10-K__0001378950-26-000035.txt) missing sections: ['Item_10', 'Item_1C']
2026-07-06 19:20:31,012 - WARNING - Company LE (LE__10-K__0000950170-24-041066.txt) missing sections: ['Item_1', 'Item_2', 'Item_8', 'Signatures']
2026-07-06 19:20:31,021 - WARNING - File VLGEA__10-K__0000103595-23-000014.txt failed systematic parsing extraction. Invoking full-text fallback mechanism.
2026-07-06 19:20:31,028 - WARNING - File T__10-K__0000732717-24-000009.txt failed systematic parsing extraction. Invoking full-text fallback mechanism.
2026-07-06 19:20:31,039 - WARNING - File BSET__10-K__0001437749-26-003189.txt failed systematic parsing extraction. Invoking full-text fallback mechanism.
2026-07-06 19:20:31,056 - WARNING - Company PAG (PAG__10-K__0001628280-26-012830.txt) missing sections: ['Item_1', 'Item_11', 'Item_13', 'Item_14', 'Item_15', 'Item_1B', 'Item_1C', 'Item_2', 'Item_3', 'Item_4', 'Item_5', 'Item_6', 'Item_7', 'Item_7A', 'Item_8', 'Item_9', 'Item_9A', 'Item_9B']
2026-07-06 19:20:31,063 - WARNING - File T__10-K__0000732717-25-000013.txt failed systematic parsing extraction. Invoking full-text fallback mechanism.
2026-07-06 19:20:31,067 - WARNING - Company ZUMZ (ZUMZ__10-K__0000950170-25-038692.txt) missing sections: ['Item_1', 'Item_1A', 'Item_1C', 'Item_2', 'Signatures']
2026-07-06 19:20:31,072 - WARNING - File OXM__10-K__0000075288-24-000003.txt failed systematic parsing extraction. Invoking full-text fallback mechanism.
2026-07-06 19:20:31,084 - WARNING - Company FLWS (FLWS__10-K__0001437749-24-028591.txt) missing sections: ['Item_1', 'Item_10', 'Item_11', 'Item_12', 'Item_13', 'Item_14', 'Item_15', 'Item_1A', 'Item_1B', 'Item_2', 'Item_3', 'Item_4', 'Item_6', 'Item_7', 'Item_7A', 'Item_8', 'Item_9', 'Item_9A', 'Item_9B']
2026-07-06 19:20:31,094 - WARNING - Company HOUR (HOUR__10-K__0001493152-26-012278.txt) missing sections: ['Item_1', 'Item_10', 'Item_11', 'Item_12', 'Item_13', 'Item_14', 'Item_15', 'Item_1A', 'Item_1B', 'Item_1C', 'Item_2', 'Item_3', 'Item_4', 'Item_5', 'Item_6', 'Item_7', 'Item_7A', 'Item_8', 'Item_9', 'Item_9A', 'Item_9B']
2026-07-06 19:20:31,099 - WARNING - Company BURL (BURL__10-K__0001193125-26-116001.txt) missing sections: ['Item_1', 'Item_1A', 'Item_1B', 'Item_2', 'Item_6', 'Signatures']
2026-07-06 19:20:31,138 - WARNING - Company ORBS (ORBS__10-K__0001493152-24-012608.txt) missing sections: ['Item_1', 'Item_10', 'Item_11', 'Item_12', 'Item_13', 'Item_14', 'Item_15', 'Item_1A', 'Item_1B', 'Item_2', 'Item_3', 'Item_4', 'Item_5', 'Item_6', 'Item_7', 'Item_7A', 'Item_8', 'Item_9', 'Item_9A', 'Item_9B']
2026-07-06 19:20:31,147 - WARNING - File MNRO__10-K__0001562762-24-000155.txt failed systematic parsing extraction. Invoking full-text fallback mechanism.
2026-07-06 19:20:31,152 - WARNING - Company SGC (SGC__10-K__0001437749-26-006653.txt) missing sections: ['Item_10', 'Item_11', 'Item_12', 'Item_13', 'Item_14', 'Item_15', 'Item_1C', 'Item_9B']
2026-07-06 19:20:31,164 - WARNING - Company HVT (HVT__10-K__0001628280-26-012199.txt) missing sections: ['Item_1', 'Item_10', 'Item_11', 'Item_15', 'Item_2', 'Item_7A', 'Item_8', 'Item_9A', 'Item_9B']
2026-07-06 19:20:31,170 - WARNING - File RL__10-K__0001628280-26-037074.txt failed systematic parsing extraction. Invoking full-text fallback mechanism.
2026-07-06 19:20:31,174 - WARNING - Company RDNW (RDNW__10-K__0001596961-25-000024.txt) missing sections: ['Item_7A', 'Item_9B']
2026-07-06 19:20:31,178 - WARNING - File CASY__10-K__0000726958-24-000046.txt failed systematic parsing extraction. Invoking full-text fallback mechanism.
2026-07-06 19:20:31,186 - WARNING - Company GCO (GCO__10-K__0000950170-25-044864.txt) missing sections: ['Item_1', 'Item_1A', 'Item_2', 'Item_6', 'Signatures']
2026-07-06 19:20:31,190 - WARNING - File BBW__10-K__0001437749-24-012440.txt failed systematic parsing extraction. Invoking full-text fallback mechanism.
2026-07-06 19:20:31,195 - WARNING - Company PETS (PETS__10-K__0001040130-24-000046.txt) missing sections: ['Item_5', 'Item_6']
2026-07-06 19:20:31,201 - WARNING - Company ARKO (ARKO__10-K__0000950170-25-027737.txt) missing sections: ['Item_1', 'Item_10', 'Item_2', 'Item_6', 'Signatures']
2026-07-06 19:20:31,209 - WARNING - File VFC__10-K__0000103379-24-000008.txt failed systematic parsing extraction. Invoking full-text fallback mechanism.
2026-07-06 19:20:31,220 - WARNING - Company VNCE (VNCE__10-K__0000950170-24-052254.txt) missing sections: ['Item_1', 'Item_1A', 'Item_2', 'Signatures']
2026-07-06 19:20:31,227 - WARNING - Company XMAX (XMAX__10-K__0001493152-24-014501.txt) missing sections: ['Item_1', 'Item_10', 'Item_11', 'Item_12', 'Item_13', 'Item_14', 'Item_15', 'Item_1A', 'Item_1B', 'Item_1C', 'Item_2', 'Item_4', 'Item_5', 'Item_6', 'Item_7', 'Item_7A', 'Item_8', 'Item_9', 'Item_9A', 'Item_9B']
2026-07-06 19:20:31,230 - WARNING - Company IMKTA (IMKTA__10-K__0000050493-23-000021.txt) missing sections: ['Item_1', 'Item_10', 'Item_11', 'Item_12', 'Item_13', 'Item_14', 'Item_15', 'Item_1A', 'Item_1B', 'Item_1C', 'Item_2', 'Item_3', 'Item_4', 'Item_5', 'Item_7', 'Item_7A', 'Item_8', 'Item_9', 'Item_9A', 'Item_9B']
2026-07-06 19:20:31,235 - WARNING - File KR__10-K__0001558370-25-004267.txt failed systematic parsing extraction. Invoking full-text fallback mechanism.
2026-07-06 19:20:31,242 - WARNING - Company PRPL (PRPL__10-K__0001213900-25-023815.txt) missing sections: ['Item_14', 'Item_1B', 'Item_1C', 'Item_2', 'Item_3', 'Item_4', 'Item_5', 'Item_6', 'Item_7']
2026-07-06 19:20:31,259 - WARNING - Company CATO (CATO__10-K__0001562762-26-000041.txt) missing sections: ['Item_1', 'Item_10', 'Item_11', 'Item_12', 'Item_13', 'Item_14', 'Item_15', 'Item_1A', 'Item_1B', 'Item_1C', 'Item_2', 'Item_3', 'Item_4', 'Item_5', 'Item_6', 'Item_7', 'Item_7A', 'Item_8', 'Item_9', 'Item_9A', 'Item_9B']
2026-07-06 19:20:31,262 - WARNING - Company WINA (WINA__10-K__0000908315-26-000007.txt) missing sections: ['Item_10', 'Item_11', 'Item_12', 'Item_14', 'Item_15', 'Item_5', 'Item_6', 'Item_7', 'Item_7A', 'Item_8', 'Item_9', 'Item_9A', 'Item_9B']
2026-07-06 19:20:31,268 - WARNING - Company DELL (DELL__10-K__0001571996-25-000034.txt) missing sections: ['Item_7', 'Item_8', 'Item_9A']
2026-07-06 19:20:31,276 - WARNING - File T__10-K__0000732717-26-000120.txt failed systematic parsing extraction. Invoking full-text fallback mechanism.
2026-07-06 19:20:31,280 - WARNING - File SHOE__10-K__0000950170-24-035337.txt failed systematic parsing extraction. Invoking full-text fallback mechanism.
2026-07-06 19:20:31,284 - WARNING - Company AAP (AAP__10-K__0001158449-25-000064.txt) missing sections: ['Item_1', 'Item_10', 'Item_15']
2026-07-06 19:20:31,297 - WARNING - Company MGRX (MGRX__10-K__0001641172-25-000085.txt) missing sections: ['Item_10', 'Item_12', 'Item_14', 'Item_15', 'Item_1B', 'Item_1C', 'Item_2', 'Item_3', 'Item_4', 'Item_5', 'Item_6', 'Item_7A', 'Item_9', 'Item_9A', 'Item_9B']
2026-07-06 19:20:31,301 - WARNING - Company ORLY (ORLY__10-K__0000898173-24-000009.txt) missing sections: ['Item_1', 'Item_12', 'Item_15', 'Item_1B', 'Item_1C', 'Item_2', 'Item_6', 'Item_7A', 'Item_8']
2026-07-06 19:20:31,305 - WARNING - Company SFM (SFM__10-K__0001575515-25-000011.txt) missing sections: ['Item_1', 'Item_10', 'Item_11', 'Item_12', 'Item_13', 'Item_14', 'Item_15', 'Item_1A', 'Item_1B', 'Item_1C', 'Item_2', 'Item_3', 'Item_4', 'Item_5', 'Item_7A', 'Item_8', 'Item_9', 'Item_9A', 'Item_9B']
2026-07-06 19:20:31,309 - WARNING - File ORBS__10-K__0001641172-25-004802.txt failed systematic parsing extraction. Invoking full-text fallback mechanism.
2026-07-06 19:20:31,334 - WARNING - Company LULU (LULU__10-K__0001397187-25-000013.txt) missing sections: ['Item_1B', 'Item_9']
2026-07-06 19:20:31,341 - WARNING - Company BNED (BNED__10-K__0001634117-25-000038.txt) missing sections: ['Item_10', 'Item_11', 'Item_12', 'Item_13', 'Item_14', 'Item_15', 'Item_1A', 'Item_1B', 'Item_1C', 'Item_2', 'Item_3', 'Item_4', 'Item_5', 'Item_6', 'Item_7', 'Item_7A', 'Item_9', 'Item_9A', 'Item_9B']
2026-07-06 19:20:31,374 - WARNING - Company MUSA (MUSA__10-K__0001573516-26-000090.txt) missing sections: ['Item_10', 'Item_11', 'Item_12', 'Item_13', 'Item_14', 'Item_15', 'Item_1A', 'Item_1B', 'Item_1C', 'Item_2', 'Item_3', 'Item_4', 'Item_5', 'Item_6', 'Item_7', 'Item_7A', 'Item_8', 'Item_9', 'Item_9A', 'Item_9B']
2026-07-06 19:20:31,387 - WARNING - Company POWW (POWW__10-K__0001193125-26-276653.txt) missing sections: ['Item_10', 'Item_11', 'Item_12', 'Item_13', 'Item_15', 'Item_1A', 'Item_1B', 'Item_1C', 'Item_3', 'Item_5', 'Item_7', 'Item_7A', 'Item_8', 'Item_9', 'Signatures']
2026-07-06 19:20:31,399 - WARNING - Company LIVE (LIVE__10-K__0001628280-24-052099.txt) missing sections: ['Item_4']
2026-07-06 19:20:31,412 - WARNING - File RVLV__10-K__0001193125-26-071307.txt failed systematic parsing extraction. Invoking full-text fallback mechanism.
2026-07-06 19:20:31,417 - WARNING - Company KTB (KTB__10-K__0001760965-24-000013.txt) missing sections: ['Item_1', 'Item_10', 'Item_11', 'Item_12', 'Item_13', 'Item_14', 'Item_15', 'Item_1A', 'Item_1B', 'Item_1C', 'Item_2', 'Item_3', 'Item_4', 'Item_5', 'Item_6', 'Item_7', 'Item_7A', 'Item_9', 'Item_9A', 'Item_9B']
2026-07-06 19:20:31,423 - WARNING - File RL__10-K__0001037038-24-000014.txt failed systematic parsing extraction. Invoking full-text fallback mechanism.
2026-07-06 19:20:31,430 - WARNING - File DBGI__10-K__0001641172-25-003320.txt failed systematic parsing extraction. Invoking full-text fallback mechanism.
2026-07-06 19:20:31,440 - WARNING - Company YHGJ (YHGJ__10-K__0001641172-25-004622.txt) missing sections: ['Item_1', 'Item_10', 'Item_11', 'Item_12', 'Item_13', 'Item_14', 'Item_15', 'Item_1B', 'Item_1C', 'Item_2', 'Item_3', 'Item_4', 'Item_5', 'Item_6', 'Item_7', 'Item_7A', 'Item_8', 'Item_9', 'Item_9A', 'Item_9B']
2026-07-06 19:20:31,451 - WARNING - Company BKE (BKE__10-K__0000885245-26-000012.txt) missing sections: ['Item_1C']
2026-07-06 19:20:31,456 - WARNING - File CPNG__10-K__0001834584-24-000023.txt failed systematic parsing extraction. Invoking full-text fallback mechanism.
2026-07-06 19:20:31,461 - WARNING - Company SONO (SONO__10-K__0001314727-25-000090.txt) missing sections: ['Item_9B']
2026-07-06 19:20:31,469 - WARNING - Company HVT (HVT__10-K__0001628280-24-009586.txt) missing sections: ['Item_1', 'Item_10', 'Item_11', 'Item_15', 'Item_2', 'Item_7A', 'Item_8', 'Item_9A', 'Item_9B']
2026-07-06 19:20:31,481 - WARNING - Company POWW (POWW__10-K__0000950170-25-086893.txt) missing sections: ['Item_10', 'Item_11', 'Item_12', 'Item_13', 'Item_15', 'Item_1A', 'Item_1B', 'Item_1C', 'Item_3', 'Item_5', 'Item_7A', 'Item_8', 'Item_9', 'Signatures']
2026-07-06 19:20:31,485 - WARNING - Company RCKY (RCKY__10-K__0001437749-25-008025.txt) missing sections: ['Item_1A', 'Item_2', 'Item_8', 'Item_9B', 'Signatures']
2026-07-06 19:20:31,491 - WARNING - Company RIME (RIME__10-K__0001641172-25-004792.txt) missing sections: ['Item_1', 'Item_10', 'Item_11', 'Item_12', 'Item_13', 'Item_14', 'Item_15', 'Item_1B', 'Item_1C', 'Item_2', 'Item_3', 'Item_4', 'Item_5', 'Item_6', 'Item_7A', 'Item_9', 'Item_9A', 'Item_9B']
2026-07-06 19:20:31,498 - WARNING - Company GES (GES__10-K__0000912463-23-000014.txt) missing sections: ['Item_1C']
2026-07-06 19:20:31,504 - WARNING - Company RENT (RENT__10-K__0001468327-26-000020.txt) missing sections: ['Item_7']
2026-07-06 19:20:31,508 - WARNING - Company DDS (DDS__10-K__0000028917-24-000011.txt) missing sections: ['Item_6']
2026-07-06 19:20:31,516 - WARNING - Company TSCO (TSCO__10-K__0000916365-26-000014.txt) missing sections: ['Item_9B']
2026-07-06 19:20:31,526 - WARNING - Company BNED (BNED__10-K__0001634117-24-000048.txt) missing sections: ['Item_1', 'Item_10', 'Item_11', 'Item_12', 'Item_13', 'Item_14', 'Item_15', 'Item_1A', 'Item_1B', 'Item_1C', 'Item_2', 'Item_3', 'Item_4', 'Item_5', 'Item_6', 'Item_7', 'Item_7A', 'Item_9', 'Item_9A', 'Item_9B']
2026-07-06 19:20:31,528 - WARNING - Company COST (COST__10-K__0000909832-23-000042.txt) missing sections: ['Item_1C']
2026-07-06 19:20:31,533 - WARNING - Company BNED (BNED__10-K__0001634117-23-000032.txt) missing sections: ['Item_1', 'Item_10', 'Item_11', 'Item_12', 'Item_13', 'Item_14', 'Item_15', 'Item_1A', 'Item_1B', 'Item_1C', 'Item_2', 'Item_3', 'Item_4', 'Item_5', 'Item_6', 'Item_7A', 'Item_9', 'Item_9A', 'Item_9B']
2026-07-06 19:20:31,547 - WARNING - File WHR__10-K__0000106640-26-000009.txt failed systematic parsing extraction. Invoking full-text fallback mechanism.
2026-07-06 19:20:31,552 - WARNING - File OLLI__10-K__0001140361-26-010409.txt failed systematic parsing extraction. Invoking full-text fallback mechanism.
2026-07-06 19:20:31,572 - WARNING - Company LAD (LAD__10-K__0001023128-25-000026.txt) missing sections: ['Item_1B', 'Item_4', 'Item_6', 'Item_9', 'Item_9B']
2026-07-06 19:20:31,582 - WARNING - File GIII__10-K__0001104659-26-033891.txt failed systematic parsing extraction. Invoking full-text fallback mechanism.
2026-07-06 19:20:31,586 - WARNING - Company GPI (GPI__10-K__0001031203-24-000013.txt) missing sections: ['Item_6']
2026-07-06 19:20:31,591 - WARNING - Company ETD (ETD__10-K__0001437749-25-027594.txt) missing sections: ['Item_1', 'Item_2', 'Item_3', 'Item_4', 'Item_5', 'Item_6', 'Item_7', 'Item_7A', 'Item_8', 'Item_9']
2026-07-06 19:20:31,597 - WARNING - File LEVI__10-K__0000094845-25-000005.txt failed systematic parsing extraction. Invoking full-text fallback mechanism.
2026-07-06 19:20:31,602 - WARNING - Company ETD (ETD__10-K__0001437749-24-027664.txt) missing sections: ['Item_1', 'Item_2', 'Item_3', 'Item_4', 'Item_5', 'Item_6', 'Item_7', 'Item_7A', 'Item_8', 'Item_9']
2026-07-06 19:20:31,608 - WARNING - File GIII__10-K__0001558370-24-003856.txt failed systematic parsing extraction. Invoking full-text fallback mechanism.
2026-07-06 19:20:31,613 - WARNING - File GIII__10-K__0001558370-25-003540.txt failed systematic parsing extraction. Invoking full-text fallback mechanism.
2026-07-06 19:20:31,617 - WARNING - Company URBN (URBN__10-K__0000950170-24-039320.txt) missing sections: ['Item_1', 'Item_2', 'Signatures']
2026-07-06 19:20:31,628 - WARNING - File RIME__10-K__0001493152-23-024594.txt failed systematic parsing extraction. Invoking full-text fallback mechanism.
2026-07-06 19:20:31,632 - WARNING - Company ASO (ASO__10-K__0001817358-24-000042.txt) missing sections: ['Item_1']
2026-07-06 19:20:31,638 - WARNING - Company HOUR (HOUR__10-K__0001641172-25-000930.txt) missing sections: ['Item_1', 'Item_10', 'Item_11', 'Item_14', 'Item_15', 'Item_1B', 'Item_1C', 'Item_2', 'Item_4', 'Item_5', 'Item_6', 'Item_7', 'Item_7A', 'Item_8', 'Item_9', 'Item_9A', 'Item_9B']
2026-07-06 19:20:31,641 - WARNING - Company ZUMZ (ZUMZ__10-K__0001193125-26-104063.txt) missing sections: ['Item_1', 'Item_1A', 'Signatures']
2026-07-06 19:20:31,646 - WARNING - Company GCO (GCO__10-K__0000950170-24-036902.txt) missing sections: ['Item_1', 'Item_1A', 'Item_2', 'Item_6', 'Signatures']
2026-07-06 19:20:31,652 - WARNING - Company ARKO (ARKO__10-K__0001193125-26-071464.txt) missing sections: ['Item_1', 'Item_10', 'Item_2', 'Item_6', 'Signatures']
2026-07-06 19:20:31,661 - WARNING - Company PSMT (PSMT__10-K__0001041803-23-000054.txt) missing sections: ['Item_15', 'Item_1C']
2026-07-06 19:20:31,665 - WARNING - Company BBY (BBY__10-K__0000764478-25-000007.txt) missing sections: ['Item_6']
2026-07-06 19:20:31,671 - WARNING - Company KTB (KTB__10-K__0001760965-26-000014.txt) missing sections: ['Item_1', 'Item_10', 'Item_11', 'Item_12', 'Item_13', 'Item_14', 'Item_15', 'Item_1B', 'Item_1C', 'Item_2', 'Item_3', 'Item_4', 'Item_5', 'Item_6', 'Item_7', 'Item_7A', 'Item_8', 'Item_9', 'Item_9A', 'Item_9B']
2026-07-06 19:20:31,686 - WARNING - Company JILL (JILL__10-K__0000950170-25-048494.txt) missing sections: ['Item_1', 'Item_2']
2026-07-06 19:20:31,691 - WARNING - Company ATER (ATER__10-K__0001437749-24-008398.txt) missing sections: ['Item_9B']
2026-07-06 19:20:31,700 - WARNING - Company BBBY (BBBY__10-K__0001130713-24-000013.txt) missing sections: ['Item_6']
2026-07-06 19:20:31,716 - WARNING - File SHOE__10-K__0001193125-26-126279.txt failed systematic parsing extraction. Invoking full-text fallback mechanism.
2026-07-06 19:20:31,721 - WARNING - File EBAY__10-K__0001065088-25-000037.txt failed systematic parsing extraction. Invoking full-text fallback mechanism.
2026-07-06 19:20:31,728 - WARNING - File VFC__10-K__0000103379-26-000030.txt failed systematic parsing extraction. Invoking full-text fallback mechanism.
2026-07-06 19:20:31,740 - WARNING - Company XELB (XELB__10-K__0001104659-26-043348.txt) missing sections: ['Item_15', 'Item_1B', 'Item_1C', 'Item_5', 'Item_6', 'Item_7', 'Item_7A', 'Item_9', 'Item_9A']
2026-07-06 19:20:31,749 - WARNING - File CASY__10-K__0000726958-26-000046.txt failed systematic parsing extraction. Invoking full-text fallback mechanism.
2026-07-06 19:20:31,753 - WARNING - Company DECK (DECK__10-K__0000910521-25-000017.txt) missing sections: ['Item_4', 'Item_6', 'Item_9']
2026-07-06 19:20:31,766 - WARNING - Company FL (FL__10-K__0000850209-23-000006.txt) missing sections: ['Item_1C', 'Item_5']
2026-07-06 19:20:31,771 - WARNING - Company MOV (MOV__10-K__0000950170-24-036181.txt) missing sections: ['Item_6']
2026-07-06 19:20:31,786 - WARNING - Company WOOF (WOOF__10-K__0000950170-25-047693.txt) missing sections: ['Item_1', 'Item_10', 'Item_1C', 'Item_2', 'Item_6', 'Item_9', 'Item_9B', 'Signatures']
2026-07-06 19:20:31,790 - WARNING - File AMZN__10-K__0001018724-24-000008.txt failed systematic parsing extraction. Invoking full-text fallback mechanism.
2026-07-06 19:20:31,796 - WARNING - Company RIME (RIME__10-K__0001493152-26-014724.txt) missing sections: ['Item_1', 'Item_10', 'Item_11', 'Item_12', 'Item_13', 'Item_14', 'Item_15', 'Item_1B', 'Item_1C', 'Item_2', 'Item_3', 'Item_4', 'Item_5', 'Item_6', 'Item_7A', 'Item_9', 'Item_9A', 'Item_9B']
2026-07-06 19:20:31,803 - WARNING - Company EVGO (EVGO__10-K__0001104659-26-024827.txt) missing sections: ['Item_6']
2026-07-06 19:20:31,808 - WARNING - Company BURL (BURL__10-K__0000950170-24-032207.txt) missing sections: ['Item_1', 'Item_1A', 'Item_1B', 'Item_2', 'Item_6', 'Signatures']
2026-07-06 19:20:31,812 - WARNING - File AMZN__10-K__0001018724-25-000004.txt failed systematic parsing extraction. Invoking full-text fallback mechanism.
2026-07-06 19:20:31,818 - WARNING - Company ARKO (ARKO__10-K__0000950170-24-021416.txt) missing sections: ['Item_1', 'Item_10', 'Item_2', 'Item_6', 'Signatures']
2026-07-06 19:20:31,831 - WARNING - Company BBY (BBY__10-K__0000764478-24-000010.txt) missing sections: ['Item_6']
2026-07-06 19:20:31,846 - WARNING - File CAL__10-K__0000014707-25-000017.txt failed systematic parsing extraction. Invoking full-text fallback mechanism.
2026-07-06 19:20:31,854 - WARNING - Company ZUMZ (ZUMZ__10-K__0000950170-24-031449.txt) missing sections: ['Item_1', 'Item_1A', 'Item_1C', 'Item_2', 'Signatures']
2026-07-06 19:20:31,857 - WARNING - Company FLXS (FLXS__10-K__0000950170-25-110965.txt) missing sections: ['Item_12', 'Item_6']
2026-07-06 19:20:31,861 - WARNING - Company LESL (LESL__10-K__0000950170-24-131476.txt) missing sections: ['Item_1', 'Item_1A', 'Item_6', 'Signatures']
2026-07-06 19:20:31,868 - WARNING - Company DELL (DELL__10-K__0001571996-24-000036.txt) missing sections: ['Item_7', 'Item_8']
2026-07-06 19:20:31,873 - WARNING - Company XELB (XELB__10-K__0001558370-25-008172.txt) missing sections: ['Item_15', 'Item_1B', 'Item_1C', 'Item_5', 'Item_6', 'Item_7', 'Item_7A', 'Item_9', 'Item_9A']
2026-07-06 19:20:31,878 - WARNING - Company JILL (JILL__10-K__0000950170-24-041871.txt) missing sections: ['Item_1', 'Item_2']
2026-07-06 19:20:31,888 - WARNING - Company GPI (GPI__10-K__0001031203-25-000013.txt) missing sections: ['Item_6']
2026-07-06 19:20:31,894 - WARNING - Company FL (FL__10-K__0001437749-24-009866.txt) missing sections: ['Item_1', 'Item_10', 'Item_11', 'Item_12', 'Item_13', 'Item_14', 'Item_15', 'Item_1A', 'Item_1B', 'Item_2', 'Item_3', 'Item_4', 'Item_5', 'Item_6', 'Item_7', 'Item_7A', 'Item_8', 'Item_9', 'Item_9A', 'Item_9B']
2026-07-06 19:20:31,896 - WARNING - File TLF__10-K__0001140361-25-006103.txt failed systematic parsing extraction. Invoking full-text fallback mechanism.
2026-07-06 19:20:31,900 - WARNING - File YHGJ__10-K__0001493152-26-012156.txt failed systematic parsing extraction. Invoking full-text fallback mechanism.
2026-07-06 19:20:31,912 - WARNING - Company ORBS (ORBS__10-K__0001493152-26-016664.txt) missing sections: ['Item_1', 'Item_11', 'Item_12', 'Item_13', 'Item_14', 'Item_15', 'Item_1A', 'Item_1B', 'Item_1C', 'Item_2', 'Item_3', 'Item_4', 'Item_5', 'Item_6', 'Item_7', 'Item_7A', 'Item_8', 'Item_9', 'Item_9A', 'Item_9B']
2026-07-06 19:20:31,926 - WARNING - Company RENT (RENT__10-K__0001468327-24-000114.txt) missing sections: ['Item_7']
2026-07-06 19:20:31,931 - WARNING - Company AAP (AAP__10-K__0001158449-24-000048.txt) missing sections: ['Item_1', 'Item_10', 'Item_15']
2026-07-06 19:20:31,934 - WARNING - File VLGEA__10-K__0000103595-24-000019.txt failed systematic parsing extraction. Invoking full-text fallback mechanism.
2026-07-06 19:20:31,940 - WARNING - File VFC__10-K__0000103379-25-000023.txt failed systematic parsing extraction. Invoking full-text fallback mechanism.
2026-07-06 19:20:31,944 - WARNING - Company SGC (SGC__10-K__0001437749-24-007685.txt) missing sections: ['Item_10', 'Item_11', 'Item_12', 'Item_13', 'Item_14', 'Item_15', 'Item_9B']
2026-07-06 19:20:31,952 - WARNING - Company LESL (LESL__10-K__0001193125-25-323811.txt) missing sections: ['Item_1', 'Item_1A', 'Item_6', 'Signatures']
2026-07-06 19:20:31,961 - WARNING - Company ULTA (ULTA__10-K__0001558370-24-003941.txt) missing sections: ['Item_1', 'Item_1A', 'Item_3', 'Item_4', 'Item_6', 'Item_7', 'Item_9B']
2026-07-06 19:20:31,964 - WARNING - Company WMK (WMK__10-K__0000105418-24-000015.txt) missing sections: ['Item_9B']
2026-07-06 19:20:31,967 - WARNING - File CTRN__10-K__0001558370-25-004897.txt failed systematic parsing extraction. Invoking full-text fallback mechanism.
2026-07-06 19:20:31,973 - WARNING - File DBGI__10-K__0001493152-26-016851.txt failed systematic parsing extraction. Invoking full-text fallback mechanism.
2026-07-06 19:20:31,978 - WARNING - Company WOOF (WOOF__10-K__0000950170-24-040516.txt) missing sections: ['Item_1', 'Item_10', 'Item_1C', 'Item_2', 'Item_6', 'Item_9', 'Item_9B', 'Signatures']
2026-07-06 19:20:31,989 - WARNING - Company SPWH (SPWH__10-K__0000950170-24-041618.txt) missing sections: ['Item_1']
2026-07-06 19:20:31,994 - WARNING - File MNRO__10-K__0000876427-26-000007.txt failed systematic parsing extraction. Invoking full-text fallback mechanism.
2026-07-06 19:20:32,003 - WARNING - File LEVI__10-K__0000094845-24-000010.txt failed systematic parsing extraction. Invoking full-text fallback mechanism.
2026-07-06 19:20:32,015 - WARNING - Company BOOT (BOOT__10-K__0001558370-25-007889.txt) missing sections: ['Item_1', 'Item_10', 'Item_11', 'Item_12', 'Item_13', 'Item_14', 'Item_15', 'Item_1A', 'Item_9', 'Item_9A', 'Item_9B']
2026-07-06 19:20:32,019 - WARNING - File APC__10-K__0001193125-26-131747.txt failed systematic parsing extraction. Invoking full-text fallback mechanism.
2026-07-06 19:20:32,031 - WARNING - File SHOE__10-K__0000950170-25-043195.txt failed systematic parsing extraction. Invoking full-text fallback mechanism.
2026-07-06 19:20:32,040 - WARNING - Company WMT (WMT__10-K__0000104169-25-000021.txt) missing sections: ['Item_10', 'Item_11', 'Item_12', 'Item_13', 'Item_14', 'Item_15', 'Item_1B', 'Item_1C', 'Item_2', 'Item_4', 'Item_5', 'Item_6', 'Item_7', 'Item_7A', 'Item_9', 'Item_9A', 'Item_9B']
2026-07-06 19:20:32,048 - WARNING - Company VNCE (VNCE__10-K__0001193125-26-158986.txt) missing sections: ['Item_1', 'Item_1A', 'Item_2', 'Signatures']
2026-07-06 19:20:32,052 - WARNING - Company PEW (PEW__10-K__0001193125-26-104172.txt) missing sections: ['Item_1C', 'Item_2', 'Item_6']
2026-07-06 19:20:32,076 - WARNING - Company TDUP (TDUP__10-K__0001484778-24-000035.txt) missing sections: ['Item_1', 'Item_10', 'Item_11', 'Item_12', 'Item_13', 'Item_14', 'Item_15', 'Item_1A', 'Item_1B', 'Item_1C', 'Item_2', 'Item_3', 'Item_4', 'Item_5', 'Item_6', 'Item_7', 'Item_8', 'Item_9', 'Item_9A', 'Item_9B']
2026-07-06 19:20:32,083 - WARNING - File EBAY__10-K__0001065088-26-000027.txt failed systematic parsing extraction. Invoking full-text fallback mechanism.
2026-07-06 19:20:32,087 - WARNING - File RVLV__10-K__0000950170-24-021244.txt failed systematic parsing extraction. Invoking full-text fallback mechanism.
2026-07-06 19:20:32,091 - WARNING - Company LULU (LULU__10-K__0001397187-24-000010.txt) missing sections: ['Item_1B', 'Item_9']
2026-07-06 19:20:32,094 - WARNING - File VLGEA__10-K__0000103595-25-000015.txt failed systematic parsing extraction. Invoking full-text fallback mechanism.
2026-07-06 19:20:32,099 - WARNING - Company HOUR (HOUR__10-K__0001493152-24-011298.txt) missing sections: ['Item_1', 'Item_10', 'Item_11', 'Item_12', 'Item_13', 'Item_14', 'Item_15', 'Item_1A', 'Item_1B', 'Item_1C', 'Item_2', 'Item_3', 'Item_4', 'Item_5', 'Item_6', 'Item_7', 'Item_7A', 'Item_8', 'Item_9', 'Item_9A', 'Item_9B']
2026-07-06 19:20:32,103 - WARNING - Company ASO (ASO__10-K__0001817358-25-000027.txt) missing sections: ['Item_1']
2026-07-06 19:20:32,108 - WARNING - Company RENT (RENT__10-K__0001468327-25-000056.txt) missing sections: ['Item_7']
2026-07-06 19:20:32,113 - WARNING - Company HZO (HZO__10-K__0000950170-23-064785.txt) missing sections: ['Item_1', 'Item_10', 'Item_11', 'Item_12', 'Item_13', 'Item_14', 'Item_15', 'Item_1A', 'Item_1B', 'Item_2', 'Item_3', 'Item_4', 'Item_5', 'Item_6', 'Item_7A', 'Item_8', 'Item_9', 'Item_9A', 'Item_9B']
2026-07-06 19:20:32,122 - WARNING - Company BURL (BURL__10-K__0000950170-25-040472.txt) missing sections: ['Item_1', 'Item_1A', 'Item_1B', 'Item_2', 'Item_6', 'Signatures']
2026-07-06 19:20:32,127 - WARNING - Company RH (RH__10-K__0001558370-25-004329.txt) missing sections: ['Item_10']
2026-07-06 19:20:32,134 - WARNING - File RL__10-K__0001037038-25-000011.txt failed systematic parsing extraction. Invoking full-text fallback mechanism.
2026-07-06 19:20:32,139 - WARNING - Company LCUT (LCUT__10-K__0000874396-26-000008.txt) missing sections: ['Item_10', 'Item_11', 'Item_12', 'Item_13', 'Item_14']
2026-07-06 19:20:32,149 - WARNING - File CTRN__10-K__0001558370-24-005294.txt failed systematic parsing extraction. Invoking full-text fallback mechanism.
2026-07-06 19:20:32,157 - WARNING - Company KSS (KSS__10-K__0000950170-25-042662.txt) missing sections: ['Item_1', 'Item_1A', 'Item_2', 'Item_6', 'Signatures']
2026-07-06 19:20:32,162 - WARNING - File KR__10-K__0001104659-26-037723.txt failed systematic parsing extraction. Invoking full-text fallback mechanism.
2026-07-06 19:20:32,170 - WARNING - File BSET__10-K__0001437749-24-002203.txt failed systematic parsing extraction. Invoking full-text fallback mechanism.
2026-07-06 19:20:32,173 - WARNING - Company AEO (AEO__10-K__0000950170-24-032294.txt) missing sections: ['Item_1', 'Item_1A', 'Item_2', 'Item_6']
2026-07-06 19:20:32,196 - WARNING - File AN__10-K__0000350698-25-000029.txt failed systematic parsing extraction. Invoking full-text fallback mechanism.
2026-07-06 19:20:32,198 - WARNING - Company HVT (HVT__10-K__0001628280-25-010869.txt) missing sections: ['Item_1', 'Item_10', 'Item_11', 'Item_15', 'Item_2', 'Item_7A', 'Item_8', 'Item_9A', 'Item_9B']
2026-07-06 19:20:32,247 - WARNING - Company CATO (CATO__10-K__0001562762-25-000062.txt) missing sections: ['Item_1', 'Item_10', 'Item_11', 'Item_12', 'Item_13', 'Item_14', 'Item_15', 'Item_1B', 'Item_1C', 'Item_2', 'Item_3', 'Item_4', 'Item_5', 'Item_6', 'Item_7', 'Item_7A', 'Item_8', 'Item_9', 'Item_9A', 'Item_9B']
2026-07-06 19:20:32,251 - WARNING - Company BOOT (BOOT__10-K__0001558370-24-008176.txt) missing sections: ['Item_1', 'Item_10', 'Item_11', 'Item_12', 'Item_13', 'Item_14', 'Item_15', 'Item_1A', 'Item_9', 'Item_9A', 'Item_9B']
2026-07-06 19:20:32,262 - WARNING - File VZ__10-K__0000732712-26-000007.txt failed systematic parsing extraction. Invoking full-text fallback mechanism.
2026-07-06 19:20:32,267 - WARNING - File OXM__10-K__0000075288-26-000026.txt failed systematic parsing extraction. Invoking full-text fallback mechanism.
2026-07-06 19:20:32,272 - WARNING - Company BBW (BBW__10-K__0001437749-25-012234.txt) missing sections: ['Item_1', 'Item_10', 'Item_11', 'Item_12', 'Item_13', 'Item_14', 'Item_15', 'Item_1B', 'Item_1C', 'Item_2', 'Item_3', 'Item_4', 'Item_5', 'Item_6', 'Item_7', 'Item_7A', 'Item_8', 'Item_9', 'Item_9A', 'Item_9B']
2026-07-06 19:20:32,276 - WARNING - Company FL (FL__10-K__0001437749-25-009620.txt) missing sections: ['Item_1', 'Item_10', 'Item_11', 'Item_12', 'Item_13', 'Item_14', 'Item_15', 'Item_1A', 'Item_1B', 'Item_2', 'Item_3', 'Item_4', 'Item_5', 'Item_6', 'Item_7', 'Item_7A', 'Item_8', 'Item_9', 'Item_9A', 'Item_9B']
2026-07-06 19:20:32,280 - WARNING - Company BOOT (BOOT__10-K__0001104659-26-061346.txt) missing sections: ['Item_1', 'Item_10', 'Item_11', 'Item_12', 'Item_13', 'Item_14', 'Item_15', 'Item_1A', 'Item_9', 'Item_9A', 'Item_9B']
2026-07-06 19:20:32,283 - WARNING - File BSET__10-K__0001437749-25-003216.txt failed systematic parsing extraction. Invoking full-text fallback mechanism.
2026-07-06 19:20:32,299 - WARNING - Company XMAX (XMAX__10-K__0001493152-26-016828.txt) missing sections: ['Item_1', 'Item_10', 'Item_11', 'Item_12', 'Item_13', 'Item_14', 'Item_15', 'Item_1A', 'Item_1B', 'Item_1C', 'Item_2', 'Item_4', 'Item_5', 'Item_6', 'Item_7', 'Item_7A', 'Item_8', 'Item_9', 'Item_9A', 'Item_9B']
2026-07-06 19:20:32,302 - WARNING - Company VRA (VRA__10-K__0001495320-24-000026.txt) missing sections: ['Item_10', 'Item_12', 'Item_13', 'Item_14', 'Item_6', 'Item_9']
2026-07-06 19:20:32,307 - WARNING - Company PETS (PETS__10-K__0001040130-26-000019.txt) missing sections: ['Item_5', 'Item_6']
2026-07-06 19:20:32,318 - WARNING - Company DELL (DELL__10-K__0001571996-26-000008.txt) missing sections: ['Item_7', 'Item_8', 'Item_9A', 'Item_9B']
2026-07-06 19:20:32,331 - WARNING - Company WINA (WINA__10-K__0000908315-24-000010.txt) missing sections: ['Item_10', 'Item_11', 'Item_12', 'Item_14', 'Item_15', 'Item_5', 'Item_6', 'Item_7', 'Item_7A', 'Item_8', 'Item_9', 'Item_9A', 'Item_9B']
2026-07-06 19:20:32,337 - WARNING - Company EVGO (EVGO__10-K__0001558370-25-002400.txt) missing sections: ['Item_6']
2026-07-06 19:20:32,341 - WARNING - File DLTH__10-K__0001649744-24-000006.txt failed systematic parsing extraction. Invoking full-text fallback mechanism.
2026-07-06 19:20:32,350 - WARNING - Company SONO (SONO__10-K__0000950170-23-065135.txt) missing sections: ['Item_1', 'Item_12', 'Item_2', 'Item_4', 'Item_6', 'Item_9B', 'Signatures']
2026-07-06 19:20:32,355 - WARNING - Company MOV (MOV__10-K__0000950170-25-054522.txt) missing sections: ['Item_1C', 'Item_6']
2026-07-06 19:20:32,375 - WARNING - Company ASO (ASO__10-K__0001817358-26-000031.txt) missing sections: ['Item_1']
2026-07-06 19:20:32,385 - WARNING - File CAL__10-K__0000014707-24-000012.txt failed systematic parsing extraction. Invoking full-text fallback mechanism.
2026-07-06 19:20:32,389 - WARNING - File OLLI__10-K__0001140361-25-010442.txt failed systematic parsing extraction. Invoking full-text fallback mechanism.
2026-07-06 19:20:32,403 - WARNING - File OXM__10-K__0000075288-25-000033.txt failed systematic parsing extraction. Invoking full-text fallback mechanism.
2026-07-06 19:20:32,408 - WARNING - Company ATER (ATER__10-K__0001437749-26-009285.txt) missing sections: ['Item_10', 'Item_11', 'Item_1C', 'Item_9B']
2026-07-06 19:20:32,417 - WARNING - Company AEO (AEO__10-K__0000950170-25-042746.txt) missing sections: ['Item_6']
2026-07-06 19:20:32,420 - WARNING - Company WINA (WINA__10-K__0000908315-25-000010.txt) missing sections: ['Item_10', 'Item_11', 'Item_12', 'Item_14', 'Item_15', 'Item_5', 'Item_6', 'Item_7', 'Item_7A', 'Item_8', 'Item_9', 'Item_9A', 'Item_9B']
2026-07-06 19:20:32,428 - WARNING - File LAKE__10-K__0001193125-26-159176.txt failed systematic parsing extraction. Invoking full-text fallback mechanism.
2026-07-06 19:20:32,431 - WARNING - Company HBB (HBB__10-K__0001709164-26-000037.txt) missing sections: ['Item_9A', 'Item_9B']
2026-07-06 19:20:32,436 - WARNING - File RVLV__10-K__0000950170-25-026748.txt failed systematic parsing extraction. Invoking full-text fallback mechanism.
2026-07-06 19:20:32,440 - WARNING - Company WOOF (WOOF__10-K__0001193125-26-106114.txt) missing sections: ['Item_1', 'Item_10', 'Item_1C', 'Item_2', 'Item_6', 'Item_9', 'Item_9B', 'Signatures']
2026-07-06 19:20:32,444 - WARNING - Company WMT (WMT__10-K__0000104169-26-000055.txt) missing sections: ['Item_10', 'Item_11', 'Item_12', 'Item_13', 'Item_14', 'Item_15', 'Item_1B', 'Item_1C', 'Item_2', 'Item_4', 'Item_5', 'Item_6', 'Item_7', 'Item_7A', 'Item_9', 'Item_9A', 'Item_9B']
2026-07-06 19:20:32,448 - WARNING - File YHGJ__10-K__0001493152-24-011910.txt failed systematic parsing extraction. Invoking full-text fallback mechanism.
2026-07-06 19:20:32,476 - WARNING - File CAL__10-K__0000014707-26-000053.txt failed systematic parsing extraction. Invoking full-text fallback mechanism.
2026-07-06 19:20:32,484 - WARNING - Company WMK (WMK__10-K__0000105418-26-000024.txt) missing sections: ['Item_9B']
2026-07-06 19:20:32,488 - WARNING - Company LE (LE__10-K__0001193125-26-126210.txt) missing sections: ['Item_1', 'Item_2', 'Item_8', 'Signatures']
2026-07-06 19:20:32,492 - WARNING - Company LOW (LOW__10-K__0000060667-24-000033.txt) missing sections: ['Item_5']
2026-07-06 19:20:32,501 - WARNING - File TLF__10-K__0001140361-24-014799.txt failed systematic parsing extraction. Invoking full-text fallback mechanism.
2026-07-06 19:20:32,527 - WARNING - Company IMKTA (IMKTA__10-K__0000050493-25-000019.txt) missing sections: ['Item_1', 'Item_10', 'Item_11', 'Item_12', 'Item_13', 'Item_14', 'Item_15', 'Item_1A', 'Item_1B', 'Item_1C', 'Item_2', 'Item_3', 'Item_4', 'Item_5', 'Item_7', 'Item_7A', 'Item_8', 'Item_9', 'Item_9A', 'Item_9B']
2026-07-06 19:20:32,531 - WARNING - Company LVLU (LVLU__10-K__0001104659-26-036884.txt) missing sections: ['Item_6']
2026-07-06 19:20:32,536 - WARNING - Company MOV (MOV__10-K__0001193125-26-115298.txt) missing sections: ['Item_1C', 'Item_6']
2026-07-06 19:20:32,541 - WARNING - Company OLLI (OLLI__10-K__0001140361-24-015681.txt) missing sections: ['Item_1', 'Item_10', 'Item_11', 'Item_12', 'Item_13', 'Item_14', 'Item_15', 'Item_1A', 'Item_1B', 'Item_1C', 'Item_2', 'Item_3', 'Item_4', 'Item_5', 'Item_6', 'Item_7', 'Item_7A', 'Item_8', 'Item_9', 'Item_9A', 'Item_9B']
2026-07-06 19:20:32,543 - WARNING - Company WMK (WMK__10-K__0000105418-25-000014.txt) missing sections: ['Item_9B']
2026-07-06 19:20:32,547 - WARNING - Company JWN (JWN__10-K__0000072333-23-000037.txt) missing sections: ['Item_1C']
2026-07-06 19:20:32,556 - WARNING - Company ULTA (ULTA__10-K__0001104659-26-035243.txt) missing sections: ['Item_1', 'Item_1A', 'Item_3', 'Item_4', 'Item_6', 'Item_7', 'Item_9B']
2026-07-06 19:20:32,574 - WARNING - Company LIVE (LIVE__10-K__0001628280-25-057711.txt) missing sections: ['Item_15', 'Item_4']
2026-07-06 19:20:32,586 - WARNING - Company HZO (HZO__10-K__0001193125-25-284680.txt) missing sections: ['Item_1', 'Item_10', 'Item_11', 'Item_12', 'Item_13', 'Item_14', 'Item_15', 'Item_1A', 'Item_1B', 'Item_2', 'Item_3', 'Item_4', 'Item_5', 'Item_6', 'Item_7A', 'Item_8', 'Item_9', 'Item_9A', 'Item_9B']
2026-07-06 19:20:32,590 - WARNING - Company RCKY (RCKY__10-K__0001437749-24-007987.txt) missing sections: ['Item_1A', 'Item_2', 'Item_8', 'Item_9B', 'Signatures']
2026-07-06 19:20:32,605 - WARNING - Company UPBD (UPBD__10-K__0000933036-25-000042.txt) missing sections: ['Item_1', 'Item_10', 'Item_11', 'Item_12', 'Item_13', 'Item_14', 'Item_15', 'Item_1A', 'Item_1B', 'Item_1C', 'Item_2', 'Item_3', 'Item_4', 'Item_5', 'Item_6', 'Item_7', 'Item_7A', 'Item_8', 'Item_9', 'Item_9A', 'Item_9B']
2026-07-06 19:20:32,619 - WARNING - Company CWH (CWH__10-K__0001104659-26-021548.txt) missing sections: ['Item_6']
2026-07-06 19:20:32,629 - WARNING - Company AAP (AAP__10-K__0001193125-26-051305.txt) missing sections: ['Item_10', 'Item_15', 'Signatures']
2026-07-06 19:20:32,634 - WARNING - Company UPBD (UPBD__10-K__0000933036-26-000008.txt) missing sections: ['Item_1', 'Item_10', 'Item_11', 'Item_12', 'Item_13', 'Item_14', 'Item_15', 'Item_1A', 'Item_1B', 'Item_1C', 'Item_2', 'Item_3', 'Item_4', 'Item_5', 'Item_6', 'Item_7', 'Item_7A', 'Item_8', 'Item_9', 'Item_9A', 'Item_9B']
2026-07-06 19:20:32,665 - WARNING - File CPNG__10-K__0001834584-25-000030.txt failed systematic parsing extraction. Invoking full-text fallback mechanism.
2026-07-06 19:20:32,670 - WARNING - Company UEIC (UEIC__10-K__0000101984-26-000039.txt) missing sections: ['Item_9B']
2026-07-06 19:20:32,679 - WARNING - Company VNCE (VNCE__10-K__0000950170-25-062847.txt) missing sections: ['Item_1', 'Item_1A', 'Item_2', 'Signatures']
2026-07-06 19:20:32,685 - WARNING - File LEVI__10-K__0000094845-26-000008.txt failed systematic parsing extraction. Invoking full-text fallback mechanism.
2026-07-06 19:20:32,690 - WARNING - Company SPWH (SPWH__10-K__0000950170-25-048890.txt) missing sections: ['Item_9B']
2026-07-06 19:20:32,694 - WARNING - Company KSS (KSS__10-K__0000950170-24-034691.txt) missing sections: ['Item_1', 'Item_1A', 'Item_2', 'Item_6', 'Signatures']
2026-07-06 19:20:32,702 - WARNING - File SFIX__10-K__0001628280-25-042782.txt failed systematic parsing extraction. Invoking full-text fallback mechanism.
2026-07-06 19:20:32,713 - WARNING - Company AEO (AEO__10-K__0001193125-26-132097.txt) missing sections: ['Item_6']
2026-07-06 19:20:32,726 - WARNING - Company XELB (XELB__10-K__0001558370-24-005326.txt) missing sections: ['Item_15', 'Item_1B', 'Item_1C', 'Item_5', 'Item_6', 'Item_7', 'Item_7A', 'Item_9', 'Item_9A']
2026-07-06 19:20:32,730 - WARNING - Company ULTA (ULTA__10-K__0001558370-25-003810.txt) missing sections: ['Item_1', 'Item_1A', 'Item_3', 'Item_4', 'Item_6', 'Item_7', 'Item_9B']
2026-07-06 19:20:32,734 - WARNING - Company VVV (VVV__10-K__0001674910-23-000125.txt) missing sections: ['Item_1C']
2026-07-06 19:20:32,744 - WARNING - Company VRA (VRA__10-K__0001495320-25-000019.txt) missing sections: ['Item_10', 'Item_12', 'Item_13', 'Item_14', 'Item_6', 'Item_9']
2026-07-06 19:20:32,757 - WARNING - Company ABG (ABG__10-K__0001144980-26-000051.txt) missing sections: ['Item_8']
2026-07-06 19:20:32,763 - WARNING - Company ABG (ABG__10-K__0001144980-24-000076.txt) missing sections: ['Item_8']
2026-07-06 19:20:32,768 - WARNING - Company SBH (SBH__10-K__0000950170-24-127217.txt) missing sections: ['Item_1', 'Item_1A', 'Item_2', 'Item_6', 'Signatures']
2026-07-06 19:20:32,779 - WARNING - File XOM__10-K__0000034088-26-000045.txt failed systematic parsing extraction. Invoking full-text fallback mechanism.
2026-07-06 19:20:32,783 - WARNING - Company JILL (JILL__10-K__0001193125-26-134566.txt) missing sections: ['Item_1', 'Item_2']
2026-07-06 19:20:32,801 - WARNING - Company RCKY (RCKY__10-K__0001437749-26-007634.txt) missing sections: ['Item_10', 'Item_11', 'Item_1A', 'Item_2', 'Item_8', 'Item_9B', 'Signatures']
2026-07-06 19:20:32,804 - WARNING - File DXLG__10-K__0001193125-26-115660.txt failed systematic parsing extraction. Invoking full-text fallback mechanism.
2026-07-06 19:20:32,822 - WARNING - File CTRN__10-K__0001104659-26-043813.txt failed systematic parsing extraction. Invoking full-text fallback mechanism.
2026-07-06 19:20:32,831 - WARNING - File DXLG__10-K__0000950170-25-042703.txt failed systematic parsing extraction. Invoking full-text fallback mechanism.
2026-07-06 19:20:32,834 - WARNING - Company TSCO (TSCO__10-K__0000916365-25-000076.txt) missing sections: ['Item_9B']
2026-07-06 19:20:32,847 - WARNING - Company DDS (DDS__10-K__0000028917-26-000006.txt) missing sections: ['Item_6']
2026-07-06 19:20:32,851 - WARNING - Company BBW (BBW__10-K__0001437749-26-012501.txt) missing sections: ['Item_1', 'Item_10', 'Item_11', 'Item_12', 'Item_13', 'Item_14', 'Item_15', 'Item_1B', 'Item_1C', 'Item_2', 'Item_3', 'Item_4', 'Item_5', 'Item_6', 'Item_7', 'Item_7A', 'Item_8', 'Item_9', 'Item_9A', 'Item_9B']
2026-07-06 19:20:32,863 - WARNING - Company DECK (DECK__10-K__0001628280-26-037664.txt) missing sections: ['Item_1', 'Item_10', 'Item_11', 'Item_12', 'Item_13', 'Item_14', 'Item_1A', 'Item_1B', 'Item_1C', 'Item_2', 'Item_3', 'Item_4', 'Item_5', 'Item_6', 'Item_7', 'Item_7A', 'Item_8', 'Item_9', 'Item_9A', 'Item_9B']
2026-07-06 19:20:32,866 - WARNING - File TLF__10-K__0001140361-26-006550.txt failed systematic parsing extraction. Invoking full-text fallback mechanism.
2026-07-06 19:20:32,870 - WARNING - File SFM__10-K__0000950170-24-018768.txt failed systematic parsing extraction. Invoking full-text fallback mechanism.
2026-07-06 19:20:32,878 - WARNING - Company SFIX (SFIX__10-K__0001576942-23-000114.txt) missing sections: ['Item_1C']
2026-07-06 19:20:32,883 - WARNING - Company PETS (PETS__10-K__0001040130-25-000072.txt) missing sections: ['Item_5', 'Item_6']
2026-07-06 19:20:32,887 - WARNING - Company SGI (SGI__10-K__0001206264-26-000015.txt) missing sections: ['Item_1C']
2026-07-06 19:20:32,894 - WARNING - Company CWH (CWH__10-K__0001558370-25-001939.txt) missing sections: ['Item_6']
2026-07-06 19:20:32,900 - WARNING - Company LAD (LAD__10-K__0001023128-26-000015.txt) missing sections: ['Item_1B', 'Item_4', 'Item_6', 'Item_9']
2026-07-06 19:20:32,905 - WARNING - Company NGVC (NGVC__10-K__0001437749-25-037556.txt) missing sections: ['Item_9']
2026-07-06 19:20:32,910 - WARNING - Company NKE (NKE__10-K__0000320187-23-000039.txt) missing sections: ['Item_1C']
2026-07-06 19:20:32,918 - WARNING - Company HOFT (HOFT__10-K__0001185185-24-000378.txt) missing sections: ['Item_1', 'Item_10', 'Item_11', 'Item_12', 'Item_13', 'Item_14', 'Item_15', 'Item_2', 'Item_3', 'Item_4', 'Item_5', 'Item_6', 'Item_7A', 'Item_8', 'Item_9', 'Item_9A', 'Item_9B']
2026-07-06 19:20:32,924 - WARNING - File VZ__10-K__0000732712-24-000010.txt failed systematic parsing extraction. Invoking full-text fallback mechanism.
2026-07-06 19:20:32,945 - WARNING - File KR__10-K__0001558370-24-004603.txt failed systematic parsing extraction. Invoking full-text fallback mechanism.
2026-07-06 19:20:32,953 - WARNING - Company SBH (SBH__10-K__0000950170-23-064558.txt) missing sections: ['Item_1', 'Item_10', 'Item_11', 'Item_12', 'Item_13', 'Item_14', 'Item_1A', 'Item_1C', 'Item_2', 'Item_6', 'Signatures']
2026-07-06 19:20:32,958 - WARNING - File AN__10-K__0001628280-26-007800.txt failed systematic parsing extraction. Invoking full-text fallback mechanism.
2026-07-06 19:20:32,962 - WARNING - Company SFM (SFM__10-K__0001575515-26-000008.txt) missing sections: ['Item_1', 'Item_10', 'Item_11', 'Item_12', 'Item_13', 'Item_14', 'Item_15', 'Item_1A', 'Item_1B', 'Item_1C', 'Item_2', 'Item_3', 'Item_4', 'Item_5', 'Item_7A', 'Item_8', 'Item_9', 'Item_9A', 'Item_9B']
2026-07-06 19:20:32,965 - WARNING - Company CRMT (CRMT__10-K__0001171843-23-004114.txt) missing sections: ['Item_1C']
2026-07-06 19:20:32,980 - WARNING - Company ONEW (ONEW__10-K__0001772921-23-000087.txt) missing sections: ['Item_1C']
2026-07-06 19:20:32,991 - WARNING - Company LE (LE__10-K__0000950170-25-046044.txt) missing sections: ['Item_1', 'Item_2', 'Item_8', 'Signatures']
2026-07-06 19:20:33,005 - WARNING - Company LCUT (LCUT__10-K__0001628280-24-010568.txt) missing sections: ['Item_10', 'Item_11', 'Item_12', 'Item_13', 'Item_14']
2026-07-06 19:20:33,010 - WARNING - Company DECK (DECK__10-K__0000910521-24-000017.txt) missing sections: ['Item_1B', 'Item_4', 'Item_6', 'Item_9']
2026-07-06 19:20:33,018 - WARNING - Company MHK (MHK__10-K__0000851968-24-000027.txt) missing sections: ['Item_1', 'Item_10', 'Item_11', 'Item_12', 'Item_13', 'Item_14', 'Item_15', 'Item_1A', 'Item_1B', 'Item_1C', 'Item_2', 'Item_3', 'Item_4', 'Item_5', 'Item_6', 'Item_7', 'Item_7A', 'Item_8', 'Item_9A', 'Item_9B']
2026-07-06 19:20:33,021 - WARNING - Company FLWS (FLWS__10-K__0001084869-25-000017.txt) missing sections: ['Item_1A']
2026-07-06 19:20:33,025 - WARNING - File DBI__10-K__0001319947-26-000022.txt failed systematic parsing extraction. Invoking full-text fallback mechanism.
2026-07-06 19:20:33,034 - WARNING - Company RDNW (RDNW__10-K__0001596961-24-000021.txt) missing sections: ['Item_7A', 'Item_9B']
2026-07-06 19:20:33,056 - WARNING - Company TSCO (TSCO__10-K__0000916365-24-000046.txt) missing sections: ['Item_9B']
2026-07-06 19:20:33,060 - WARNING - Company DLTH (DLTH__10-K__0001193125-26-117508.txt) missing sections: ['Item_1', 'Item_1A', 'Item_1B', 'Item_1C', 'Item_2', 'Item_3', 'Item_4', 'Item_5', 'Item_6', 'Item_7', 'Item_7A', 'Item_8', 'Item_9', 'Item_9A']
2026-07-06 19:20:33,065 - WARNING - Company MHK (MHK__10-K__0000851968-25-000023.txt) missing sections: ['Item_1', 'Item_10', 'Item_11', 'Item_12', 'Item_13', 'Item_14', 'Item_15', 'Item_1A', 'Item_1B', 'Item_1C', 'Item_2', 'Item_3', 'Item_4', 'Item_5', 'Item_6', 'Item_7', 'Item_7A', 'Item_8', 'Item_9A', 'Item_9B']
2026-07-06 19:20:33,068 - WARNING - Company LCUT (LCUT__10-K__0001628280-25-012650.txt) missing sections: ['Item_10', 'Item_11', 'Item_12', 'Item_13', 'Item_14']
2026-07-06 19:20:33,072 - WARNING - Company KOSS (KOSS__10-K__0000056701-24-000028.txt) missing sections: ['Item_6']
2026-07-06 19:20:33,078 - WARNING - Company PRPL (PRPL__10-K__0001213900-26-036974.txt) missing sections: ['Item_14', 'Item_1C']
2026-07-06 19:20:33,083 - WARNING - File COLM__10-K__0001050797-25-000023.txt failed systematic parsing extraction. Invoking full-text fallback mechanism.
2026-07-06 19:20:33,088 - WARNING - Company SNBR (SNBR__10-K__0000827187-26-000014.txt) missing sections: ['Item_1', 'Item_10', 'Item_1A', 'Item_1C']
2026-07-06 19:20:33,093 - WARNING - Company NGVC (NGVC__10-K__0001437749-24-037351.txt) missing sections: ['Item_9']
2026-07-06 19:20:33,098 - WARNING - Company KTB (KTB__10-K__0001760965-25-000011.txt) missing sections: ['Item_1', 'Item_10', 'Item_11', 'Item_12', 'Item_13', 'Item_14', 'Item_1B', 'Item_1C', 'Item_2', 'Item_3', 'Item_4', 'Item_5', 'Item_6', 'Item_7', 'Item_7A', 'Item_9', 'Item_9A', 'Item_9B']
2026-07-06 19:20:33,112 - WARNING - Company ETD (ETD__10-K__0001437749-23-024609.txt) missing sections: ['Item_1', 'Item_1C', 'Item_2', 'Item_3', 'Item_4', 'Item_5', 'Item_6', 'Item_7', 'Item_7A', 'Item_8', 'Item_9']
2026-07-06 19:20:33,115 - WARNING - Company SONO (SONO__10-K__0001314727-24-000026.txt) missing sections: ['Item_9B']
2026-07-06 19:20:33,120 - WARNING - File CPNG__10-K__0001834584-26-000024.txt failed systematic parsing extraction. Invoking full-text fallback mechanism.
2026-07-06 19:20:33,125 - WARNING - Company WMT (WMT__10-K__0000104169-24-000056.txt) missing sections: ['Item_10', 'Item_11', 'Item_12', 'Item_13', 'Item_14', 'Item_15', 'Item_1B', 'Item_1C', 'Item_2', 'Item_4', 'Item_5', 'Item_6', 'Item_7', 'Item_7A', 'Item_9', 'Item_9A', 'Item_9B']
2026-07-06 19:20:33,142 - WARNING - Company PRPL (PRPL__10-K__0001213900-24-021861.txt) missing sections: ['Item_14']
2026-07-06 19:20:33,146 - WARNING - Company LESL (LESL__10-K__0000950170-23-066773.txt) missing sections: ['Item_1', 'Item_1A', 'Item_1C', 'Item_2', 'Item_6', 'Signatures']
2026-07-06 19:20:33,153 - WARNING - File VZ__10-K__0000732712-25-000006.txt failed systematic parsing extraction. Invoking full-text fallback mechanism.
2026-07-06 19:20:33,157 - WARNING - Company URBN (URBN__10-K__0001193125-26-137916.txt) missing sections: ['Item_1', 'Item_2', 'Signatures']
2026-07-06 19:20:33,167 - WARNING - Company PSMT (PSMT__10-K__0001041803-24-000044.txt) missing sections: ['Item_15']
2026-07-06 19:20:33,190 - WARNING - Company ORLY (ORLY__10-K__0000898173-26-000009.txt) missing sections: ['Item_1', 'Item_12', 'Item_15', 'Item_1B', 'Item_1C', 'Item_2', 'Item_6', 'Item_7A', 'Item_8']
2026-07-06 19:20:33,199 - WARNING - Company KOSS (KOSS__10-K__0000056701-25-000044.txt) missing sections: ['Item_6']
2026-07-06 19:20:33,204 - WARNING - Company NGVC (NGVC__10-K__0001437749-23-033880.txt) missing sections: ['Item_1C']
2026-07-06 19:20:33,217 - WARNING - Company RDNW (RDNW__10-K__0001596961-26-000015.txt) missing sections: ['Item_9B']
2026-07-06 19:20:33,221 - WARNING - File AMZN__10-K__0001018724-26-000004.txt failed systematic parsing extraction. Invoking full-text fallback mechanism.
2026-07-06 19:20:33,230 - WARNING - Company AZO (AZO__10-K__0001558370-23-016668.txt) missing sections: ['Item_1C']
2026-07-06 19:20:33,237 - WARNING - Company KOSS (KOSS__10-K__0000056701-23-000026.txt) missing sections: ['Item_1C', 'Item_6']
2026-07-06 19:20:33,251 - WARNING - Company HZO (HZO__10-K__0000950170-24-127036.txt) missing sections: ['Item_1', 'Item_10', 'Item_11', 'Item_12', 'Item_13', 'Item_14', 'Item_15', 'Item_1A', 'Item_1B', 'Item_2', 'Item_3', 'Item_4', 'Item_5', 'Item_6', 'Item_7A', 'Item_8', 'Item_9', 'Item_9A', 'Item_9B']
2026-07-06 19:20:33,259 - WARNING - Company FLXS (FLXS__10-K__0000037472-23-000024.txt) missing sections: ['Item_12', 'Item_1C', 'Item_6']
2026-07-06 19:20:33,263 - WARNING - Company DDS (DDS__10-K__0000028917-25-000004.txt) missing sections: ['Item_6']
2026-07-06 19:20:33,273 - WARNING - File POWW__10-K__0001493152-24-023731.txt failed systematic parsing extraction. Invoking full-text fallback mechanism.
2026-07-06 19:20:33,282 - WARNING - Company SGI (SGI__10-K__0001206264-25-000058.txt) missing sections: ['Item_1C']
2026-07-06 19:20:33,293 - WARNING - File WHR__10-K__0000106640-25-000011.txt failed systematic parsing extraction. Invoking full-text fallback mechanism.
2026-07-06 19:20:33,301 - WARNING - File DXLG__10-K__0000950170-24-034763.txt failed systematic parsing extraction. Invoking full-text fallback mechanism.
2026-07-06 19:20:33,317 - WARNING - Company CATO (CATO__10-K__0001562762-24-000065.txt) missing sections: ['Item_1', 'Item_10', 'Item_11', 'Item_12', 'Item_13', 'Item_14', 'Item_15', 'Item_1A', 'Item_1B', 'Item_1C', 'Item_2', 'Item_3', 'Item_4', 'Item_5', 'Item_6', 'Item_7', 'Item_7A', 'Item_8', 'Item_9', 'Item_9A', 'Item_9B']
2026-07-06 19:20:33,327 - WARNING - Company FLWS (FLWS__10-K__0001437749-23-025967.txt) missing sections: ['Item_1', 'Item_10', 'Item_11', 'Item_12', 'Item_13', 'Item_14', 'Item_15', 'Item_1A', 'Item_1B', 'Item_1C', 'Item_2', 'Item_3', 'Item_4', 'Item_6', 'Item_7', 'Item_7A', 'Item_8', 'Item_9', 'Item_9A', 'Item_9B']
2026-07-06 19:20:33,340 - WARNING - Company GCO (GCO__10-K__0001193125-26-123492.txt) missing sections: ['Item_1', 'Item_1A', 'Item_2', 'Item_6', 'Signatures']
2026-07-06 19:20:33,351 - WARNING - Company BBBY (BBBY__10-K__0001130713-25-000024.txt) missing sections: ['Item_6']
2026-07-06 19:20:33,366 - WARNING - Company KSS (KSS__10-K__0001193125-26-115982.txt) missing sections: ['Item_1', 'Item_1A', 'Item_2', 'Item_6', 'Signatures']
2026-07-06 19:20:33,374 - WARNING - Company ORLY (ORLY__10-K__0000898173-25-000008.txt) missing sections: ['Item_1', 'Item_12', 'Item_15', 'Item_1B', 'Item_1C', 'Item_2', 'Item_6', 'Item_7A', 'Item_8']
2026-07-06 19:20:33,396 - WARNING - Company MGRX (MGRX__10-K__0001493152-26-014478.txt) missing sections: ['Item_10', 'Item_12', 'Item_14', 'Item_15', 'Item_1B', 'Item_1C', 'Item_2', 'Item_3', 'Item_4', 'Item_5', 'Item_6', 'Item_7A', 'Item_9', 'Item_9A', 'Item_9B']
2026-07-06 19:20:33,420 - WARNING - File CASY__10-K__0000726958-25-000065.txt failed systematic parsing extraction. Invoking full-text fallback mechanism.
2026-07-06 19:20:33,424 - WARNING - Company MUSA (MUSA__10-K__0001573516-25-000010.txt) missing sections: ['Item_10', 'Item_11', 'Item_12', 'Item_13', 'Item_14', 'Item_15', 'Item_1A', 'Item_1B', 'Item_1C', 'Item_2', 'Item_3', 'Item_4', 'Item_5', 'Item_6', 'Item_7', 'Item_7A', 'Item_8', 'Item_9', 'Item_9A', 'Item_9B']
2026-07-06 19:20:33,432 - WARNING - File AN__10-K__0000350698-24-000021.txt failed systematic parsing extraction. Invoking full-text fallback mechanism.
2026-07-06 19:20:33,446 - WARNING - File DBGI__10-K__0001104659-24-047365.txt failed systematic parsing extraction. Invoking full-text fallback mechanism.
2026-07-06 19:20:33,450 - WARNING - Company LAD (LAD__10-K__0001023128-24-000032.txt) missing sections: ['Item_1B', 'Item_4', 'Item_6', 'Item_9', 'Item_9B']
2026-07-06 19:20:33,454 - WARNING - Company HBB (HBB__10-K__0001709164-25-000008.txt) missing sections: ['Item_9A', 'Item_9B']
2026-07-06 19:20:33,463 - WARNING - Company URBN (URBN__10-K__0000950170-25-048506.txt) missing sections: ['Item_1', 'Item_2', 'Signatures']
2026-07-06 19:20:33,475 - WARNING - Company MSS (MSS__10-K__0001213900-24-068336.txt) missing sections: ['Item_1', 'Item_11', 'Item_12']
2026-07-06 19:20:33,481 - WARNING - File XOM__10-K__0000034088-25-000010.txt failed systematic parsing extraction. Invoking full-text fallback mechanism.
2026-07-06 19:20:33,486 - WARNING - Company MHK (MHK__10-K__0000851968-26-000011.txt) missing sections: ['Item_1', 'Item_10', 'Item_11', 'Item_12', 'Item_13', 'Item_14', 'Item_15', 'Item_1A', 'Item_1B', 'Item_1C', 'Item_2', 'Item_3', 'Item_4', 'Item_6', 'Item_7', 'Item_7A', 'Item_8', 'Item_9A', 'Item_9B']
2026-07-06 19:20:33,490 - WARNING - Company SBH (SBH__10-K__0001193125-25-280122.txt) missing sections: ['Item_1', 'Item_1A', 'Item_2', 'Item_6', 'Signatures']
2026-07-06 19:20:33,495 - WARNING - Company PSMT (PSMT__10-K__0001041803-25-000060.txt) missing sections: ['Item_15']
2026-07-06 19:20:33,505 - WARNING - Company SNBR (SNBR__10-K__0000827187-25-000018.txt) missing sections: ['Item_1A', 'Item_6']
2026-07-06 19:20:33,511 - WARNING - Company LIVE (LIVE__10-K__0001628280-23-042586.txt) missing sections: ['Item_1C', 'Item_4']
2026-07-06 19:20:33,519 - WARNING - Company VRA (VRA__10-K__0001628280-26-021640.txt) missing sections: ['Item_10', 'Item_12', 'Item_13', 'Item_14', 'Item_6', 'Item_9']
2026-07-06 19:20:33,527 - WARNING - Company LAKE (LAKE__10-K__0001654954-24-004465.txt) missing sections: ['Signatures']
2026-07-06 19:20:33,532 - WARNING - Company SPWH (SPWH__10-K__0001193125-26-134702.txt) missing sections: ['Item_1']
2026-07-06 19:20:33,536 - WARNING - Company LOW (LOW__10-K__0000060667-26-000029.txt) missing sections: ['Item_5']
2026-07-06 19:20:33,540 - WARNING - File DBI__10-K__0001319947-24-000011.txt failed systematic parsing extraction. Invoking full-text fallback mechanism.
2026-07-06 19:20:33,544 - WARNING - File COLM__10-K__0001050797-24-000032.txt failed systematic parsing extraction. Invoking full-text fallback mechanism.
2026-07-06 19:20:33,551 - WARNING - Company LULU (LULU__10-K__0001397187-26-000020.txt) missing sections: ['Item_1B', 'Item_9']
2026-07-06 19:20:33,561 - WARNING - Company PRTS (PRTS__10-K__0001378950-24-000034.txt) missing sections: ['Item_1C']
2026-07-06 19:20:33,580 - WARNING - Company IMKTA (IMKTA__10-K__0000050493-24-000018.txt) missing sections: ['Item_1', 'Item_10', 'Item_11', 'Item_12', 'Item_13', 'Item_14', 'Item_15', 'Item_1A', 'Item_1B', 'Item_1C', 'Item_2', 'Item_3', 'Item_4', 'Item_5', 'Item_7', 'Item_7A', 'Item_8', 'Item_9', 'Item_9A', 'Item_9B']
2026-07-06 19:20:33,584 - WARNING - Company UPBD (UPBD__10-K__0000933036-24-000048.txt) missing sections: ['Item_1', 'Item_10', 'Item_11', 'Item_12', 'Item_13', 'Item_14', 'Item_15', 'Item_1A', 'Item_1B', 'Item_1C', 'Item_2', 'Item_3', 'Item_4', 'Item_5', 'Item_6', 'Item_7', 'Item_7A', 'Item_8', 'Item_9', 'Item_9A', 'Item_9B']
2026-07-06 19:20:33,593 - WARNING - File WHR__10-K__0000106640-24-000020.txt failed systematic parsing extraction. Invoking full-text fallback mechanism.
2026-07-06 19:20:33,606 - WARNING - Company MGRX (MGRX__10-K__0001493152-24-012508.txt) missing sections: ['Item_1', 'Item_10', 'Item_12', 'Item_13', 'Item_14', 'Item_15', 'Item_1B', 'Item_1C', 'Item_2', 'Item_3', 'Item_4', 'Item_5', 'Item_6', 'Item_7', 'Item_7A', 'Item_9', 'Item_9A', 'Item_9B']
2026-07-06 19:20:33,616 - WARNING - File XOM__10-K__0000034088-24-000018.txt failed systematic parsing extraction. Invoking full-text fallback mechanism.
2026-07-06 19:20:33,629 - WARNING - Company PAG (PAG__10-K__0001019849-25-000022.txt) missing sections: ['Item_1', 'Item_11', 'Item_13', 'Item_14', 'Item_15', 'Item_1A', 'Item_1B', 'Item_1C', 'Item_2', 'Item_3', 'Item_4', 'Item_5', 'Item_6', 'Item_7', 'Item_7A', 'Item_8', 'Item_9', 'Item_9A', 'Item_9B']
2026-07-06 19:20:33,633 - WARNING - Company BBBY (BBBY__10-K__0001130713-26-000018.txt) missing sections: ['Item_6']
2026-07-06 19:20:33,649 - WARNING - File EBAY__10-K__0001065088-24-000036.txt failed systematic parsing extraction. Invoking full-text fallback mechanism.
2026-07-06 19:20:33,676 - WARNING - Company PAG (PAG__10-K__0001019849-24-000033.txt) missing sections: ['Item_1', 'Item_10', 'Item_11', 'Item_13', 'Item_14', 'Item_15', 'Item_1A', 'Item_1B', 'Item_1C', 'Item_2', 'Item_3', 'Item_4', 'Item_5', 'Item_6', 'Item_7', 'Item_7A', 'Item_8', 'Item_9', 'Item_9A', 'Item_9B']
2026-07-06 19:20:33,684 - WARNING - Company SGC (SGC__10-K__0001437749-25-007055.txt) missing sections: ['Item_10', 'Item_11', 'Item_12', 'Item_13', 'Item_14', 'Item_15', 'Item_1C', 'Item_9B']
2026-07-06 19:20:33,699 - WARNING - Company XMAX (XMAX__10-K__0001641172-25-001773.txt) missing sections: ['Item_1', 'Item_10', 'Item_11', 'Item_12', 'Item_13', 'Item_14', 'Item_15', 'Item_1A', 'Item_1B', 'Item_1C', 'Item_2', 'Item_4', 'Item_5', 'Item_6', 'Item_7', 'Item_7A', 'Item_8', 'Item_9', 'Item_9A', 'Item_9B']
2026-07-06 19:20:33,702 - WARNING - Company PRTS (PRTS__10-K__0001378950-25-000036.txt) missing sections: ['Item_1C']
2026-07-06 19:20:33,706 - WARNING - File DBI__10-K__0001319947-25-000012.txt failed systematic parsing extraction. Invoking full-text fallback mechanism.
2026-07-06 19:20:33,710 - WARNING - Company TDUP (TDUP__10-K__0001484778-25-000023.txt) missing sections: ['Item_1', 'Item_10', 'Item_11', 'Item_12', 'Item_13', 'Item_14', 'Item_15', 'Item_1A', 'Item_1B', 'Item_1C', 'Item_2', 'Item_3', 'Item_4', 'Item_5', 'Item_6', 'Item_7', 'Item_8', 'Item_9', 'Item_9A', 'Item_9B']
2026-07-06 19:20:33,713 - WARNING - Company MUSA (MUSA__10-K__0001573516-24-000007.txt) missing sections: ['Item_10', 'Item_11', 'Item_12', 'Item_13', 'Item_14', 'Item_15', 'Item_1A', 'Item_1B', 'Item_1C', 'Item_2', 'Item_3', 'Item_4', 'Item_5', 'Item_6', 'Item_7', 'Item_7A', 'Item_8', 'Item_9', 'Item_9A', 'Item_9B']
2026-07-06 19:20:33,715 - WARNING - Company FLXS (FLXS__10-K__0000950170-24-102402.txt) missing sections: ['Item_12', 'Item_6']
2026-07-06 19:20:33,723 - WARNING - File DLTH__10-K__0001649744-25-000006.txt failed systematic parsing extraction. Invoking full-text fallback mechanism.
2026-07-06 19:20:33,728 - WARNING - Company MSS (MSS__10-K__0001213900-23-061379.txt) missing sections: ['Item_10', 'Item_11', 'Item_12', 'Item_13', 'Item_14', 'Item_15', 'Item_1B', 'Item_1C', 'Item_2', 'Item_3', 'Item_4', 'Item_5', 'Item_6', 'Item_7', 'Item_7A', 'Item_8', 'Item_9', 'Item_9A', 'Item_9B']
2026-07-06 19:20:33,732 - WARNING - Company TPR (TPR__10-K__0001116132-23-000020.txt) missing sections: ['Item_1C']
2026-07-06 19:20:33,741 - WARNING - File COLM__10-K__0001050797-26-000028.txt failed systematic parsing extraction. Invoking full-text fallback mechanism.
2026-07-06 19:20:33,745 - WARNING - Company TDUP (TDUP__10-K__0001484778-26-000007.txt) missing sections: ['Item_1', 'Item_10', 'Item_11', 'Item_12', 'Item_13', 'Item_14', 'Item_15', 'Item_1A', 'Item_1B', 'Item_1C', 'Item_2', 'Item_3', 'Item_4', 'Item_5', 'Item_6', 'Item_7', 'Item_8', 'Item_9', 'Item_9A', 'Item_9B']
2026-07-06 19:20:33,752 - WARNING - Company HBB (HBB__10-K__0001709164-24-000011.txt) missing sections: ['Item_9A', 'Item_9B']
2026-07-06 19:20:33,758 - WARNING - Company CWH (CWH__10-K__0001558370-24-001703.txt) missing sections: ['Item_6']
2026-07-06 19:20:33,764 - WARNING - Company ABG (ABG__10-K__0001144980-25-000077.txt) missing sections: ['Item_8']
2026-07-06 19:20:33,769 - WARNING - Company LOW (LOW__10-K__0000060667-25-000049.txt) missing sections: ['Item_5', 'Item_9B']
2026-07-06 19:20:33,774 - WARNING - Company ATER (ATER__10-K__0001437749-25-009139.txt) missing sections: ['Item_1C', 'Item_9B']
2026-07-06 19:20:33,789 - WARNING - File MNRO__10-K__0001562762-25-000146.txt failed systematic parsing extraction. Invoking full-text fallback mechanism.
